Microchip MPLAB XC8 Compiler V1.36 ()

Linker command line:

--edf=/opt/microchip/xc8/v1.36/dat/en_msgs.txt -cs -h+pic18F4580.sym \
  --cmf=pic18F4580.cmf -z -Q18F4580 -o/tmp/xcXzZkzVI -Mpic18F4580.map \
  -ver=XC8 -ASTACK=060h-05ffh -pstack=STACK -ACODE=00h-03000h \
  -ACONST=00h-03000h -ASMALLCONST=0600h-06FFhx42,03000h-03000h \
  -AMEDIUMCONST=0600h-03000h -ACOMRAM=01h-05Fh -AABS1=00h-05FFh \
  -ABIGRAM=01h-05FFh -ARAM=060h-0FFh,0100h-01FFhx5 -ABANK0=060h-0FFh \
  -ABANK1=0100h-01FFh -ABANK2=0200h-02FFh -ABANK3=0300h-03FFh \
  -ABANK4=0400h-04FFh -ABANK5=0500h-05FFh \
  -ASFR=0D00h-0DFFhx2,0F00h-0F5Fh,0F60h-0FFFh \
  -preset_vec=00h,intcode=08h,intcodelo,powerup,init,end_init \
  -pramtop=0600h -psmallconst=SMALLCONST -pmediumconst=MEDIUMCONST \
  -pconst=CONST -AFARRAM=00h-00h -ACONFIG=0300000h-030000Dh -pconfig=CONFIG \
  -AIDLOC=0200000h-0200007h -pidloc=IDLOC -AEEDATA=0F00000h-0F000FFh \
  -peeprom_data=EEDATA \
  -prdata=COMRAM,nvrram=COMRAM,nvbit=COMRAM,rbss=COMRAM,rbit=COMRAM \
  -pfarbss=FARRAM,fardata=FARRAM,nvFARRAM=FARRAM \
  -pintsave_regs=BIGRAM,bigbss=BIGRAM,bigdata=BIGRAM -pbss=RAM \
  -pidata=CODE,irdata=CODE,ibigdata=CODE,ifardata=CODE -prparam=COMRAM \
  startup.obj pic18F4580.obj 

Object code version is 3.11

Machine type is 18F4580

Call graph: (short form)




                Name                               Link     Load   Length Selector   Space Scale
startup.obj     end_init                             16       16        4        4       0
                reset_vec                             0        0        4        0       0
pic18F4580.obj  intcode                               8        8        E        4       0
                temp                                 35       35        1        1       1
                text5                               16C      16C       84        4       0
                text4                               1F0      1F0       70        4       0
                intcode_body                         1A       1A      152        4       0
                text2                               2FE      2FE       1A        4       0
                text1                               318      318       16        4       0
                text0                               260      260       68        4       0
                cstackCOMRAM                          1        1       22        1       1
                dataCOMRAM                           23       23        A        1       1
                bssCOMRAM                            2D       2D        8        1       1
                cinit                               2C8      2C8       36        4       0
                idataCOMRAM                         32E      32E        A        4       0

TOTAL           Name                               Link     Load   Length     Space
        CLASS   STACK          

        CLASS   CODE           
                end_init                             16       16        4         0
                intcode                               8        8        E         0
                reset_vec                             0        0        4         0
                text5                               16C      16C       84         0
                text4                               1F0      1F0       70         0
                intcode_body                         1A       1A      152         0
                text2                               2FE      2FE       1A         0
                text1                               318      318       16         0
                text0                               260      260       68         0
                cinit                               2C8      2C8       36         0
                idataCOMRAM                         32E      32E        A         0

        CLASS   CONST          

        CLASS   SMALLCONST     

        CLASS   MEDIUMCONST    

        CLASS   COMRAM         
                temp                                 35       35        1         1
                cstackCOMRAM                          1        1       22         1
                dataCOMRAM                           23       23        A         1
                bssCOMRAM                            2D       2D        8         1

        CLASS   ABS1           

        CLASS   BIGRAM         

        CLASS   RAM            

        CLASS   BANK0          

        CLASS   BANK1          

        CLASS   BANK2          

        CLASS   BANK3          

        CLASS   BANK4          

        CLASS   BANK5          

        CLASS   SFR            

        CLASS   FARRAM         

        CLASS   CONFIG         

        CLASS   IDLOC          

        CLASS   EEDATA         



SEGMENTS        Name                           Load    Length   Top    Selector   Space  Class

                reset_vec                      000000  000004  000004         0       0  CODE    
                cstackCOMRAM                   000001  000035  000036         1       1  COMRAM  
                intcode                        000008  000330  000338         4       0  CODE    


UNUSED ADDRESS RANGES

        Name                Unused          Largest block    Delta
        BANK0            0060-00FF             A0
        BANK1            0100-01FF            100
        BANK2            0200-02FF            100
        BANK3            0300-03FF            100
        BANK4            0400-04FF            100
        BANK5            0500-05FF            100
        BIGRAM           0036-05FF            5CA
        CODE             0004-0007              4
                         0338-3000           2CC9
        COMRAM           0036-005F             2A
        CONFIG           300000-30000D              E
        CONST            0004-0007              4
                         0338-3000           2CC9
        EEDATA           F00000-F000FF            100
        IDLOC            200000-200007              8
        MEDIUMCONST      0600-3000           2A01
        RAM              0060-05FF            100
        SFR              0D00-0FFF            100
        SMALLCONST       0600-3000            100
        STACK            0060-05FF            5A0

                                  Symbol Table

?___awdiv                cstackCOMRAM 0001
?___awmod                cstackCOMRAM 0009
_GIE                     (abs)        7F97
_PEIE                    (abs)        7F96
_PORTA                   (abs)        0F80
_PORTD                   (abs)        0F83
_T1CONbits               (abs)        0FCD
_T1OSCEN                 (abs)        7E6B
_TMR1                    (abs)        0FCE
_TMR1CS                  (abs)        7E69
_TMR1IE                  (abs)        7CE8
_TMR1IF                  (abs)        7CF0
_TMR1ON                  (abs)        7E68
_TRISA                   (abs)        0F92
_TRISD                   (abs)        0F95
__HRAM                   (abs)        0000
__Habs1                  abs1         0000
__Hbank0                 bank0        0000
__Hbank1                 bank1        0000
__Hbank2                 bank2        0000
__Hbank3                 bank3        0000
__Hbank4                 bank4        0000
__Hbank5                 bank5        0000
__Hbigbss                bigbss       0000
__Hbigdata               bigdata      0000
__Hbigram                bigram       0000
__Hbss                   bss          0000
__HbssCOMRAM             bssCOMRAM    0000
__Hcinit                 cinit        0000
__Hclrtext               clrtext      0000
__Hcomram                comram       0000
__Hconfig                config       0000
__Hconst                 const        0000
__HcstackCOMRAM          cstackCOMRAM 0000
__Hdata                  data         0000
__HdataCOMRAM            dataCOMRAM   0000
__Heeprom_data           eeprom_data  0000
__Hend_init              end_init     001A
__Hfarbss                farbss       0000
__Hfardata               fardata      0000
__Hibigdata              ibigdata     0000
__Hidata                 idata        0000
__HidataCOMRAM           idataCOMRAM  0000
__Hidloc                 idloc        0000
__Hifardata              ifardata     0000
__Hinit                  init         0016
__Hintcode               intcode      0016
__Hintcode_body          intcode_body 0000
__Hintcodelo             intcodelo    0016
__Hintentry              intentry     0000
__Hintret                intret       0000
__Hintsave_regs          intsave_regs 0000
__Hirdata                irdata       0000
__Hmediumconst           mediumconst  0000
__HnvFARRAM              nvFARRAM     0000
__Hnvbit                 nvbit        0000
__Hnvrram                nvrram       0000
__Hparam                 rparam       0000
__Hpowerup               powerup      0016
__Hram                   ram          0000
__Hramtop                ramtop       0600
__Hrbit                  rbit         0000
__Hrbss                  rbss         0000
__Hrdata                 rdata        0000
__Hreset_vec             reset_vec    0004
__Hrparam                rparam       0000
__Hsfr                   sfr          0000
__Hsmallconst            smallconst   0000
__Hspace_0               (abs)        0600
__Hspace_1               (abs)        0036
__Hspace_2               (abs)        0000
__Hstack                 stack        0000
__Hstruct                struct       0000
__Htemp                  temp         0036
__Htext                  text         0000
__Htext0                 text0        0000
__Htext1                 text1        0000
__Htext2                 text2        0000
__Htext4                 text4        0000
__Htext5                 text5        0000
__LRAM                   (abs)        0001
__Labs1                  abs1         0000
__Lbank0                 bank0        0000
__Lbank1                 bank1        0000
__Lbank2                 bank2        0000
__Lbank3                 bank3        0000
__Lbank4                 bank4        0000
__Lbank5                 bank5        0000
__Lbigbss                bigbss       0000
__Lbigdata               bigdata      0000
__Lbigram                bigram       0000
__Lbss                   bss          0000
__LbssCOMRAM             bssCOMRAM    0000
__Lcinit                 cinit        0000
__Lclrtext               clrtext      0000
__Lcomram                comram       0000
__Lconfig                config       0000
__Lconst                 const        0000
__LcstackCOMRAM          cstackCOMRAM 0000
__Ldata                  data         0000
__LdataCOMRAM            dataCOMRAM   0000
__Leeprom_data           eeprom_data  0000
__Lend_init              end_init     0016
__Lfarbss                farbss       0000
__Lfardata               fardata      0000
__Libigdata              ibigdata     0000
__Lidata                 idata        0000
__LidataCOMRAM           idataCOMRAM  0000
__Lidloc                 idloc        0000
__Lifardata              ifardata     0000
__Linit                  init         0016
__Lintcode               intcode      0008
__Lintcode_body          intcode_body 0000
__Lintcodelo             intcodelo    0016
__Lintentry              intentry     0000
__Lintret                intret       0000
__Lintsave_regs          intsave_regs 0000
__Lirdata                irdata       0000
__Lmediumconst           mediumconst  0000
__LnvFARRAM              nvFARRAM     0000
__Lnvbit                 nvbit        0000
__Lnvrram                nvrram       0000
__Lparam                 rparam       0000
__Lpowerup               powerup      0016
__Lram                   ram          0000
__Lramtop                ramtop       0600
__Lrbit                  rbit         0000
__Lrbss                  rbss         0000
__Lrdata                 rdata        0000
__Lreset_vec             reset_vec    0000
__Lrparam                rparam       0000
__Lsfr                   sfr          0000
__Lsmallconst            smallconst   0000
__Lspace_0               (abs)        0000
__Lspace_1               (abs)        0000
__Lspace_2               (abs)        0000
__Lstack                 stack        0000
__Lstruct                struct       0000
__Ltemp                  temp         0035
__Ltext                  text         0000
__Ltext0                 text0        0000
__Ltext1                 text1        0000
__Ltext2                 text2        0000
__Ltext4                 text4        0000
__Ltext5                 text5        0000
__S0                     (abs)        0338
__S1                     (abs)        0036
__S2                     (abs)        0000
___awdiv                 text5        016C
___awdiv@counter         cstackCOMRAM 0005
___awdiv@dividend        cstackCOMRAM 0001
___awdiv@divisor         cstackCOMRAM 0003
___awdiv@quotient        cstackCOMRAM 0007
___awdiv@sign            cstackCOMRAM 0006
___awmod                 text4        01F0
___awmod@counter         cstackCOMRAM 000D
___awmod@dividend        cstackCOMRAM 0009
___awmod@divisor         cstackCOMRAM 000B
___awmod@sign            cstackCOMRAM 000E
___inthi_sp              stack        0000
___intlo_sp              stack        0000
___param_bank            (abs)        0010
___rparam_used           (abs)        0001
___sp                    stack        0000
__accesstop              (abs)        0060
__activetblptr           (abs)        0000
__end_of___awdiv         text5        01F0
__end_of___awmod         text4        0260
__end_of__initialization cinit        02F4
__end_of_init_config     text1        032E
__end_of_init_timer0     text2        0318
__end_of_isr             intcode_body 016C
__end_of_main            text0        02C8
__initialization         cinit        02C8
__mediumconst            mediumconst  0000
__pbssCOMRAM             bssCOMRAM    002D
__pcinit                 cinit        02C8
__pcstackCOMRAM          cstackCOMRAM 0001
__pdataCOMRAM            dataCOMRAM   0023
__pidataCOMRAM           idataCOMRAM  032E
__pintcode               intcode      0008
__pintcode_body          intcode_body 001A
__ptext0                 text0        0260
__ptext1                 text1        0318
__ptext2                 text2        02FE
__ptext4                 text4        01F0
__ptext5                 text5        016C
__ramtop                 ramtop       0600
__size_of___awdiv        (abs)        0000
__size_of___awmod        (abs)        0000
__size_of_init_config    (abs)        0000
__size_of_init_timer0    (abs)        0000
__size_of_isr            (abs)        0000
__size_of_main           (abs)        0000
__smallconst             smallconst   0000
_data                    dataCOMRAM   0023
_init_config             text1        0318
_init_timer0             text2        02FE
_isr                     intcode      0008
_main                    text0        0260
_ssd                     bssCOMRAM    002D
btemp                    temp         0035
end_of_initialization    cinit        02F4
int$flags                temp         0035
int_func                 intcode_body 001A
intlevel0                text         0000
intlevel1                text         0000
intlevel2                text         0000
intlevel3                text         0000
isr@count                bssCOMRAM    0031
isr@number               bssCOMRAM    0033
main@i                   cstackCOMRAM 0021
main@j                   cstackCOMRAM 001F
stackhi                  (abs)        05FF
stacklo                  (abs)        0060
start                    init         0016
start_initialization     cinit        02C8


FUNCTION INFORMATION:

 *************** function _main *****************
 Defined at:
		line 16 in file "main.c"
 Parameters:    Size  Location     Type
		None
 Auto vars:     Size  Location     Type
  j               2   30[COMRAM] unsigned int 
  i               2   32[COMRAM] int 
 Return value:  Size  Location     Type
                  1    wreg      void 
 Registers used:
		wreg, fsr2l, fsr2h, status,2, status,0, cstack
 Tracked objects:
		On entry : 
		On exit  : 
		Unchanged: 
 Data sizes:     COMRAM   BANK0   BANK1   BANK2   BANK3   BANK4   BANK5
      Params:         0       0       0       0       0       0       0
      Locals:         4       0       0       0       0       0       0
      Temps:          2       0       0       0       0       0       0
      Totals:         6       0       0       0       0       0       0
Total ram usage:        6 bytes
 Hardware stack levels required when called:    4
 This function calls:
		_init_config
 This function is called by:
		Startup code after reset
 This function uses a non-reentrant model


 *************** function _init_config *****************
 Defined at:
		line 36 in file "main.c"
 Parameters:    Size  Location     Type
		None
 Auto vars:     Size  Location     Type
		None
 Return value:  Size  Location     Type
                  1    wreg      void 
 Registers used:
		wreg, status,2, status,0, cstack
 Tracked objects:
		On entry : 
		On exit  : 
		Unchanged: 
 Data sizes:     COMRAM   BANK0   BANK1   BANK2   BANK3   BANK4   BANK5
      Params:         0       0       0       0       0       0       0
      Locals:         0       0       0       0       0       0       0
      Temps:          0       0       0       0       0       0       0
      Totals:         0       0       0       0       0       0       0
Total ram usage:        0 bytes
 Hardware stack levels used:    1
 Hardware stack levels required when called:    3
 This function calls:
		_init_timer0
 This function is called by:
		_main
 This function uses a non-reentrant model


 *************** function _init_timer0 *****************
 Defined at:
		line 44 in file "main.c"
 Parameters:    Size  Location     Type
		None
 Auto vars:     Size  Location     Type
		None
 Return value:  Size  Location     Type
                  1    wreg      void 
 Registers used:
		wreg, status,2
 Tracked objects:
		On entry : 
		On exit  : 
		Unchanged: 
 Data sizes:     COMRAM   BANK0   BANK1   BANK2   BANK3   BANK4   BANK5
      Params:         0       0       0       0       0       0       0
      Locals:         0       0       0       0       0       0       0
      Temps:          0       0       0       0       0       0       0
      Totals:         0       0       0       0       0       0       0
Total ram usage:        0 bytes
 Hardware stack levels used:    1
 Hardware stack levels required when called:    2
 This function calls:
		Nothing
 This function is called by:
		_init_config
 This function uses a non-reentrant model


 *************** function _isr *****************
 Defined at:
		line 56 in file "main.c"
 Parameters:    Size  Location     Type
		None
 Auto vars:     Size  Location     Type
		None
 Return value:  Size  Location     Type
                  1    wreg      void 
 Registers used:
		wreg, fsr2l, fsr2h, status,2, status,0, cstack
 Tracked objects:
		On entry : 
		On exit  : 
		Unchanged: 
 Data sizes:     COMRAM   BANK0   BANK1   BANK2   BANK3   BANK4   BANK5
      Params:         0       0       0       0       0       0       0
      Locals:         0       0       0       0       0       0       0
      Temps:         14       0       0       0       0       0       0
      Totals:        14       0       0       0       0       0       0
Total ram usage:       14 bytes
 Hardware stack levels used:    1
 Hardware stack levels required when called:    1
 This function calls:
		___awdiv
		___awmod
 This function is called by:
		Interrupt level 2
 This function uses a non-reentrant model


 *************** function ___awmod *****************
 Defined at:
		line 8 in file "/opt/microchip/xc8/v1.36/sources/common/awmod.c"
 Parameters:    Size  Location     Type
  dividend        2    8[COMRAM] int 
  divisor         2   10[COMRAM] int 
 Auto vars:     Size  Location     Type
  sign            1   13[COMRAM] unsigned char 
  counter         1   12[COMRAM] unsigned char 
 Return value:  Size  Location     Type
                  2    8[COMRAM] int 
 Registers used:
		wreg, status,2, status,0
 Tracked objects:
		On entry : 
		On exit  : 
		Unchanged: 
 Data sizes:     COMRAM   BANK0   BANK1   BANK2   BANK3   BANK4   BANK5
      Params:         4       0       0       0       0       0       0
      Locals:         2       0       0       0       0       0       0
      Temps:          0       0       0       0       0       0       0
      Totals:         6       0       0       0       0       0       0
Total ram usage:        6 bytes
 Hardware stack levels used:    1
 This function calls:
		Nothing
 This function is called by:
		_isr
 This function uses a non-reentrant model


 *************** function ___awdiv *****************
 Defined at:
		line 8 in file "/opt/microchip/xc8/v1.36/sources/common/awdiv.c"
 Parameters:    Size  Location     Type
  dividend        2    0[COMRAM] int 
  divisor         2    2[COMRAM] int 
 Auto vars:     Size  Location     Type
  quotient        2    6[COMRAM] int 
  sign            1    5[COMRAM] unsigned char 
  counter         1    4[COMRAM] unsigned char 
 Return value:  Size  Location     Type
                  2    0[COMRAM] int 
 Registers used:
		wreg, status,2, status,0
 Tracked objects:
		On entry : 
		On exit  : 
		Unchanged: 
 Data sizes:     COMRAM   BANK0   BANK1   BANK2   BANK3   BANK4   BANK5
      Params:         4       0       0       0       0       0       0
      Locals:         4       0       0       0       0       0       0
      Temps:          0       0       0       0       0       0       0
      Totals:         8       0       0       0       0       0       0
Total ram usage:        8 bytes
 Hardware stack levels used:    1
 This function calls:
		Nothing
 This function is called by:
		_isr
 This function uses a non-reentrant model



MODULE INFORMATION

Module		Function		Class		Link	Load	Size
/opt/microchip/xc8/v1.36/sources/common/awdiv.c
		___awdiv       		CODE           	016C	0000	133

/opt/microchip/xc8/v1.36/sources/common/awdiv.c estimated size: 133

shared
		__initialization		CODE           	02C8	0000	45

shared estimated size: 45

/opt/microchip/xc8/v1.36/sources/common/awmod.c
		___awmod       		CODE           	01F0	0000	113

/opt/microchip/xc8/v1.36/sources/common/awmod.c estimated size: 113

main.c
		_main          		CODE           	0260	0000	105
		_init_timer0   		CODE           	02FE	0000	27
		_isr           		CODE           	0008	0000	353
		_init_config   		CODE           	0318	0000	23

main.c estimated size: 508

