Microchip MPLAB XC8 Compiler V1.36 ()

Linker command line:

--edf=/opt/microchip/xc8/v1.36/dat/en_msgs.txt -cs -h+pic18F4580.sym \
  --cmf=pic18F4580.cmf -z -w9 --norlf -Q18F4580 -o/tmp/xcXAvPbgb \
  -Mpic18F4580.map -ver=XC8 -ACODE=00h-03000h -ACONST=00h-03000h \
  -ASMALLCONST=0600h-06FFhx42,03000h-03000h -AMEDIUMCONST=0600h-03000h \
  -ACOMRAM=01h-05Fh -AABS1=00h-05FFh -ABIGRAM=01h-05FFh \
  -ARAM=060h-0FFh,0100h-01FFhx5 -ABANK0=060h-0FFh -ABANK1=0100h-01FFh \
  -ABANK2=0200h-02FFh -ABANK3=0300h-03FFh -ABANK4=0400h-04FFh \
  -ABANK5=0500h-05FFh -ASFR=0D00h-0DFFhx2,0F00h-0F5Fh,0F60h-0FFFh \
  -preset_vec=00h,intcode,intcodelo,powerup,init,end_init -pramtop=0600h \
  -psmallconst=SMALLCONST -pmediumconst=MEDIUMCONST -pconst=CONST \
  -AFARRAM=00h-00h -ACONFIG=0300000h-030000Dh -pconfig=CONFIG \
  -AIDLOC=0200000h-0200007h -pidloc=IDLOC -AEEDATA=0F00000h-0F000FFh \
  -peeprom_data=EEDATA \
  -prdata=COMRAM,nvrram=COMRAM,nvbit=COMRAM,rbss=COMRAM,rbit=COMRAM \
  -pfarbss=FARRAM,fardata=FARRAM,nvFARRAM=FARRAM \
  -pintsave_regs=BIGRAM,bigbss=BIGRAM,bigdata=BIGRAM -pbss=RAM \
  -pidata=CODE,irdata=CODE,ibigdata=CODE,ifardata=CODE startup.obj \
  pic18F4580.obj 

Object code version is 3.11

Machine type is 18F4580

Call graph: (short form)




                Name                               Link     Load   Length Selector   Space Scale
startup.obj     end_init                              0        0        4        0       0
pic18F4580.obj  smallconst                          600      600       42      300       0
                text6                               7F4      7F4       50      321       0
                text5                               882      882       3E      321       0
                text4                               794      794       60      321       0
                text3                               924      924       24      321       0
                text2                               8C0      8C0       38      321       0
                text1                               844      844       3E      321       0
                text0                               642      642      152      321       0
                cstackCOMRAM                          1        1       17        1       1
                dataCOMRAM                           2B       2B        1        1       1
                bssCOMRAM                            18       18       13        1       1
                cinit                               8F8      8F8       2C      321       0
                idataCOMRAM                         948      948        1      321       0

TOTAL           Name                               Link     Load   Length     Space
        CLASS   CODE           
                end_init                              0        0        4         0
                text6                               7F4      7F4       50         0
                text5                               882      882       3E         0
                text4                               794      794       60         0
                text3                               924      924       24         0
                text2                               8C0      8C0       38         0
                text1                               844      844       3E         0
                text0                               642      642      152         0
                cinit                               8F8      8F8       2C         0
                idataCOMRAM                         948      948        1         0

        CLASS   CONST          

        CLASS   SMALLCONST     
                smallconst                          600      600       42         0

        CLASS   MEDIUMCONST    

        CLASS   COMRAM         
                cstackCOMRAM                          1        1       17         1
                dataCOMRAM                           2B       2B        1         1
                bssCOMRAM                            18       18       13         1

        CLASS   ABS1           

        CLASS   BIGRAM         

        CLASS   RAM            

        CLASS   BANK0          

        CLASS   BANK1          

        CLASS   BANK2          

        CLASS   BANK3          

        CLASS   BANK4          

        CLASS   BANK5          

        CLASS   SFR            

        CLASS   FARRAM         

        CLASS   CONFIG         

        CLASS   IDLOC          

        CLASS   EEDATA         

        CLASS   STACK          



SEGMENTS        Name                           Load    Length   Top    Selector   Space  Class

                reset_vec                      000000  000004  000004         0       0  CODE    
                cstackCOMRAM                   000001  00002B  00002C         1       1  COMRAM  
                smallconst                     000600  000042  000642       300       0  SMALLCON
                text0                          000642  000307  000949       321       0  CODE    


UNUSED ADDRESS RANGES

        Name                Unused          Largest block    Delta
        BANK0            0060-00FF             A0
        BANK1            0100-01FF            100
        BANK2            0200-02FF            100
        BANK3            0300-03FF            100
        BANK4            0400-04FF            100
        BANK5            0500-05FF            100
        BIGRAM           002C-05FF            5D4
        CODE             0004-05FF            5FC
                         0949-3000           26B8
        COMRAM           002C-005F             34
        CONFIG           300000-30000D              E
        CONST            0004-05FF            5FC
                         0949-3000           26B8
        EEDATA           F00000-F000FF            100
        IDLOC            200000-200007              8
        MEDIUMCONST      0949-3000           26B8
        RAM              0060-05FF            100
        SFR              0D00-0FFF            100
        SMALLCONST       0949-3000            100

                                  Symbol Table

__HRAM                        (abs)        0000
__Habs1                       abs1         0000
__Hbank0                      bank0        0000
__Hbank1                      bank1        0000
__Hbank2                      bank2        0000
__Hbank3                      bank3        0000
__Hbank4                      bank4        0000
__Hbank5                      bank5        0000
__Hbigbss                     bigbss       0000
__Hbigdata                    bigdata      0000
__Hbigram                     bigram       0000
__Hbss                        bss          0000
__HbssCOMRAM                  bssCOMRAM    0000
__Hcinit                      cinit        0000
__Hclrtext                    clrtext      0000
__Hcomram                     comram       0000
__Hconfig                     config       0000
__Hconst                      const        0000
__HcstackCOMRAM               cstackCOMRAM 0000
__Hdata                       data         0000
__HdataCOMRAM                 dataCOMRAM   0000
__Heeprom_data                eeprom_data  0000
__Hfarbss                     farbss       0000
__Hfardata                    fardata      0000
__Hibigdata                   ibigdata     0000
__Hidata                      idata        0000
__HidataCOMRAM                idataCOMRAM  0000
__Hidloc                      idloc        0000
__Hifardata                   ifardata     0000
__Hinit                       init         0000
__Hintcode                    intcode      0000
__Hintcode_body               intcode_body 0000
__Hintcodelo                  intcodelo    0000
__Hintentry                   intentry     0000
__Hintret                     intret       0000
__Hintsave_regs               intsave_regs 0000
__Hirdata                     irdata       0000
__Hmediumconst                mediumconst  0000
__HnvFARRAM                   nvFARRAM     0000
__Hnvbit                      nvbit        0000
__Hnvrram                     nvrram       0000
__Hparam                      rparam       0000
__Hpowerup                    powerup      0000
__Hram                        ram          0000
__Hrbit                       rbit         0000
__Hrbss                       rbss         0000
__Hrdata                      rdata        0000
__Hreset_vec                  reset_vec    0000
__Hrparam                     rparam       0000
__Hsfr                        sfr          0000
__Hspace_2                    (abs)        0000
__Hstack                      stack        0000
__Hstruct                     struct       0000
__Htemp                       temp         0000
__Htext                       text         0000
__Htext0                      text0        0000
__Htext1                      text1        0000
__Htext2                      text2        0000
__Htext3                      text3        0000
__Htext4                      text4        0000
__Htext5                      text5        0000
__Htext6                      text6        0000
__Labs1                       abs1         0000
__Lbank0                      bank0        0000
__Lbank1                      bank1        0000
__Lbank2                      bank2        0000
__Lbank3                      bank3        0000
__Lbank4                      bank4        0000
__Lbank5                      bank5        0000
__Lbigbss                     bigbss       0000
__Lbigdata                    bigdata      0000
__Lbigram                     bigram       0000
__Lbss                        bss          0000
__LbssCOMRAM                  bssCOMRAM    0000
__Lcinit                      cinit        0000
__Lclrtext                    clrtext      0000
__Lcomram                     comram       0000
__Lconfig                     config       0000
__Lconst                      const        0000
__LcstackCOMRAM               cstackCOMRAM 0000
__Ldata                       data         0000
__LdataCOMRAM                 dataCOMRAM   0000
__Leeprom_data                eeprom_data  0000
__Lend_init                   end_init     0000
__Lfarbss                     farbss       0000
__Lfardata                    fardata      0000
__Libigdata                   ibigdata     0000
__Lidata                      idata        0000
__LidataCOMRAM                idataCOMRAM  0000
__Lidloc                      idloc        0000
__Lifardata                   ifardata     0000
__Linit                       init         0000
__Lintcode                    intcode      0000
__Lintcode_body               intcode_body 0000
__Lintcodelo                  intcodelo    0000
__Lintentry                   intentry     0000
__Lintret                     intret       0000
__Lintsave_regs               intsave_regs 0000
__Lirdata                     irdata       0000
__Lmediumconst                mediumconst  0000
__LnvFARRAM                   nvFARRAM     0000
__Lnvbit                      nvbit        0000
__Lnvrram                     nvrram       0000
__Lparam                      rparam       0000
__Lpowerup                    powerup      0000
__Lram                        ram          0000
__Lrbit                       rbit         0000
__Lrbss                       rbss         0000
__Lrdata                      rdata        0000
__Lreset_vec                  reset_vec    0000
__Lrparam                     rparam       0000
__Lsfr                        sfr          0000
__Lspace_0                    (abs)        0000
__Lspace_1                    (abs)        0000
__Lspace_2                    (abs)        0000
__Lstack                      stack        0000
__Lstruct                     struct       0000
__Ltemp                       temp         0000
__Ltext                       text         0000
__Ltext0                      text0        0000
__Ltext1                      text1        0000
__Ltext2                      text2        0000
__Ltext3                      text3        0000
__Ltext4                      text4        0000
__Ltext5                      text5        0000
__Ltext6                      text6        0000
___inthi_sp                   stack        0000
___intlo_sp                   stack        0000
___sp                         stack        0000
__mediumconst                 mediumconst  0000
__size_of_check_matrix_keypad (abs)        0000
__size_of_clcd_print          (abs)        0000
__size_of_clcd_write          (abs)        0000
__size_of_init_config         (abs)        0000
__size_of_main                (abs)        0000
__size_of_read_switches       (abs)        0000
__size_of_scan_key            (abs)        0000
_clcd_putch                                    
__LRAM                        (abs)        0001
___rparam_used                (abs)        0001
__activetblptr                (abs)        0001
__pcstackCOMRAM               cstackCOMRAM 0001
_clcd_putch$1                 cstackCOMRAM 0001
__Hend_init                   end_init     0004
___param_bank                 (abs)        0010
__pbssCOMRAM                  bssCOMRAM    0018
_passw                        bssCOMRAM    0018
_pre_passw                    bssCOMRAM    0021
__pdataCOMRAM                 dataCOMRAM   002B
__Hspace_1                    (abs)        002C
__S1                          (abs)        002C
__accesstop                   (abs)        0060
__Hramtop                     ramtop       0600
__Lramtop                     ramtop       0600
__Lsmallconst                 smallconst   0600
__psmallconst                 smallconst   0600
__ramtop                      ramtop       0600
__smallconst                  smallconst   0600
__Hsmallconst                 smallconst   0642
__ptext0                      text0        0642
_main                         text0        0642
__end_of_main                 text0        0794
__ptext4                      text4        0794
_check_matrix_keypad          text4        0794
__end_of_check_matrix_keypad  text4        07F4
__ptext6                      text6        07F4
_scan_key                     text6        07F4
__end_of_scan_key             text6        0844
__ptext1                      text1        0844
_init_config                  text1        0844
__end_of_init_config          text1        0882
__ptext5                      text5        0882
_read_switches                text5        0882
__end_of_read_switches        text5        08C0
__ptext2                      text2        08C0
_clcd_print                   text2        08C0
__end_of_clcd_print           text2        08F8
__initialization              cinit        08F8
__pcinit                      cinit        08F8
__end_of__initialization      cinit        0916
__ptext3                      text3        0924
_clcd_write                   text3        0924
__end_of_clcd_write           text3        0948
__pidataCOMRAM                idataCOMRAM  0948
__Hspace_0                    (abs)        0949
__S0                          (abs)        0949
_PORTB                        (abs)        0F81
_PORTBbits                    (abs)        0F81
_PORTD                        (abs)        0F83
_TRISB                        (abs)        0F93
_TRISC                        (abs)        0F94
_TRISD                        (abs)        0F95
_RC0                          (abs)        7C10
_RC1                          (abs)        7C11
_RC2                          (abs)        7C12
_RD7                          (abs)        7C1F
clcd_write@control_bit        cstackCOMRAM 0001
check_matrix_keypad@i         cstackCOMRAM 0002
clcd_write@byte               cstackCOMRAM 0002
clcd_print@data               cstackCOMRAM 0003
check_matrix_keypad@key       cstackCOMRAM 0004
check_matrix_keypad@i_158     cstackCOMRAM 0005
clcd_print@addr               cstackCOMRAM 0005
end_of_initialization         cinit        0916
intlevel0                     text         0000
intlevel1                     text         0000
intlevel2                     text         0000
intlevel3                     text         0000
main@delay_145                cstackCOMRAM 000B
main@flag                     cstackCOMRAM 000F
main@delay                    cstackCOMRAM 0010
main@chance                   cstackCOMRAM 0014
main@i                        cstackCOMRAM 0016
read_switches@detection_type  cstackCOMRAM 0001
read_switches@key             bssCOMRAM    002A
read_switches@once            dataCOMRAM   002B
stackhi                       (abs)        0000
stacklo                       (abs)        0000
start                         init         0000
start_initialization          cinit        08F8
