

Microchip Technology PIC18 LITE Macro Assembler V1.36 build -262312587 
                                                                                               Tue Jun 20 02:45:32 2023

Microchip Technology Omniscient Code Generator v1.36 (Free mode) build 201601150325
     1                           	processor	18F4580
     2                           	fnconf	rparam,??,?,0
     3                           	opt	pw 120
     4                           	opt	lm
     5                           	psect	idataCOMRAM,global,class=CODE,delta=1
     6                           	psect	smallconst,global,reloc=2,class=SMALLCONST,delta=1
     7                           	psect	cinit,global,reloc=2,class=CODE,delta=1
     8                           	psect	dataCOMRAM,global,class=COMRAM,space=1,delta=1
     9                           	psect	cstackCOMRAM,global,class=COMRAM,space=1,delta=1
    10                           	psect	text0,global,reloc=2,class=CODE,delta=1
    11                           	psect	text1,global,reloc=2,class=CODE,delta=1
    12                           	psect	text2,global,reloc=2,class=CODE,delta=1
    13                           	psect	text3,global,reloc=2,class=CODE,delta=1
    14                           	psect	text4,global,reloc=2,class=CODE,delta=1
    15                           	psect	text5,global,reloc=2,class=CODE,delta=1
    16                           	psect	intsave_regs,global,class=BIGRAM,space=1,delta=1
    17                           	psect	rparam,global,class=COMRAM,space=1,delta=1
    18  0000                     
    19                           	psect	idataCOMRAM
    20  00078A                     __pidataCOMRAM:
    21                           	opt stack 0
    22                           
    23                           ;initializer for read_digital_keypad@once
    24  00078A  01                 	db	1
    25  0000                     _PORTC	set	3970
    26  0000                     _RCREG	set	4014
    27  0000                     _TRISC	set	3988
    28  0000                     _TXREG	set	4013
    29  0000                     _ABDEN	set	32192
    30  0000                     _ABDOVF	set	32199
    31  0000                     _BRG16	set	32195
    32  0000                     _BRGH	set	32098
    33  0000                     _CREN	set	32092
    34  0000                     _FERR	set	32090
    35  0000                     _OERR	set	32089
    36  0000                     _RCIDL	set	32198
    37  0000                     _RCIE	set	31981
    38  0000                     _RCIF	set	31989
    39  0000                     _RX9	set	32094
    40  0000                     _RX9D	set	32088
    41  0000                     _SCKP	set	32196
    42  0000                     _SENDB	set	32099
    43  0000                     _SPEN	set	32095
    44  0000                     _SREN	set	32093
    45  0000                     _SYNC	set	32100
    46  0000                     _TRISC6	set	31910
    47  0000                     _TRISC7	set	31911
    48  0000                     _TRMT	set	32097
    49  0000                     _TX9D	set	32096
    50  0000                     _TXEN	set	32101
    51  0000                     _TXIE	set	31980
    52  0000                     _TXIF	set	31988
    53                           
    54                           	psect	smallconst
    55  000600                     __psmallconst:
    56                           	opt stack 0
    57  000600  00                 	db	0
    58  000601                     STR_1:
    59  000601  73                 	db	115	;'s'
    60  000602  77                 	db	119	;'w'
    61  000603  69                 	db	105	;'i'
    62  000604  74                 	db	116	;'t'
    63  000605  63                 	db	99	;'c'
    64  000606  68                 	db	104	;'h'
    65  000607  20                 	db	32
    66  000608  31                 	db	49	;'1'
    67  000609  20                 	db	32
    68  00060A  69                 	db	105	;'i'
    69  00060B  73                 	db	115	;'s'
    70  00060C  20                 	db	32
    71  00060D  70                 	db	112	;'p'
    72  00060E  72                 	db	114	;'r'
    73  00060F  65                 	db	101	;'e'
    74  000610  73                 	db	115	;'s'
    75  000611  73                 	db	115	;'s'
    76  000612  65                 	db	101	;'e'
    77  000613  64                 	db	100	;'d'
    78  000614  20                 	db	32
    79  000615  00                 	db	0
    80  000616                     STR_2:
    81  000616  73                 	db	115	;'s'
    82  000617  77                 	db	119	;'w'
    83  000618  69                 	db	105	;'i'
    84  000619  74                 	db	116	;'t'
    85  00061A  63                 	db	99	;'c'
    86  00061B  68                 	db	104	;'h'
    87  00061C  20                 	db	32
    88  00061D  32                 	db	50	;'2'
    89  00061E  20                 	db	32
    90  00061F  69                 	db	105	;'i'
    91  000620  73                 	db	115	;'s'
    92  000621  20                 	db	32
    93  000622  70                 	db	112	;'p'
    94  000623  72                 	db	114	;'r'
    95  000624  65                 	db	101	;'e'
    96  000625  73                 	db	115	;'s'
    97  000626  73                 	db	115	;'s'
    98  000627  65                 	db	101	;'e'
    99  000628  64                 	db	100	;'d'
   100  000629  20                 	db	32
   101  00062A  00                 	db	0
   102  00062B                     STR_3:
   103  00062B  73                 	db	115	;'s'
   104  00062C  77                 	db	119	;'w'
   105  00062D  69                 	db	105	;'i'
   106  00062E  74                 	db	116	;'t'
   107  00062F  63                 	db	99	;'c'
   108  000630  68                 	db	104	;'h'
   109  000631  20                 	db	32
   110  000632  33                 	db	51	;'3'
   111  000633  20                 	db	32
   112  000634  69                 	db	105	;'i'
   113  000635  73                 	db	115	;'s'
   114  000636  20                 	db	32
   115  000637  70                 	db	112	;'p'
   116  000638  72                 	db	114	;'r'
   117  000639  65                 	db	101	;'e'
   118  00063A  73                 	db	115	;'s'
   119  00063B  73                 	db	115	;'s'
   120  00063C  65                 	db	101	;'e'
   121  00063D  64                 	db	100	;'d'
   122  00063E  20                 	db	32
   123  00063F  00                 	db	0
   124  000640                     STR_4:
   125  000640  73                 	db	115	;'s'
   126  000641  77                 	db	119	;'w'
   127  000642  69                 	db	105	;'i'
   128  000643  74                 	db	116	;'t'
   129  000644  63                 	db	99	;'c'
   130  000645  68                 	db	104	;'h'
   131  000646  20                 	db	32
   132  000647  34                 	db	52	;'4'
   133  000648  20                 	db	32
   134  000649  69                 	db	105	;'i'
   135  00064A  73                 	db	115	;'s'
   136  00064B  20                 	db	32
   137  00064C  70                 	db	112	;'p'
   138  00064D  72                 	db	114	;'r'
   139  00064E  65                 	db	101	;'e'
   140  00064F  73                 	db	115	;'s'
   141  000650  73                 	db	115	;'s'
   142  000651  65                 	db	101	;'e'
   143  000652  64                 	db	100	;'d'
   144  000653  20                 	db	32
   145  000654  00                 	db	0
   146  000655  00                 	db	0	; dummy byte at the end
   147  0000                     
   148                           ; #config settings
   149                           
   150                           	psect	cinit
   151  000758                     __pcinit:
   152                           	opt stack 0
   153  000758                     start_initialization:
   154                           	opt stack 0
   155  000758                     __initialization:
   156                           	opt stack 0
   157                           
   158                           ; Initialize objects allocated to COMRAM (1 bytes)
   159                           ; load TBLPTR registers with __pidataCOMRAM
   160  000758  0E8A               	movlw	low __pidataCOMRAM
   161  00075A  6EF6               	movwf	tblptrl,c
   162  00075C  0E07               	movlw	high __pidataCOMRAM
   163  00075E  6EF7               	movwf	tblptrh,c
   164  000760  0E00               	movlw	low (__pidataCOMRAM shr (0+16))
   165  000762  6EF8               	movwf	tblptru,c
   166  000764  0009               	tblrd		*+	;fetch initializer
   167  000766  CFF5 F005          	movff	tablat,__pdataCOMRAM
   168  00076A                     end_of_initialization:
   169                           	opt stack 0
   170  00076A                     __end_of__initialization:
   171                           	opt stack 0
   172  00076A  0E00               	movlw	low (__Lsmallconst shr (0+16))
   173  00076C  6EF8               	movwf	tblptru,c
   174  00076E  0E06               	movlw	high __Lsmallconst
   175  000770  6EF7               	movwf	tblptrh,c
   176  000772  0100               	movlb	0
   177  000774  EF2B  F003         	goto	_main	;jump to C main() function
   178                           tblptru	equ	0xFF8
   179                           tblptrh	equ	0xFF7
   180                           tblptrl	equ	0xFF6
   181                           tablat	equ	0xFF5
   182                           
   183                           	psect	dataCOMRAM
   184  000005                     __pdataCOMRAM:
   185                           	opt stack 0
   186  000005                     read_digital_keypad@once:
   187                           	opt stack 0
   188  000005                     	ds	1
   189                           tblptru	equ	0xFF8
   190                           tblptrh	equ	0xFF7
   191                           tblptrl	equ	0xFF6
   192                           tablat	equ	0xFF5
   193                           
   194                           	psect	cstackCOMRAM
   195  000001                     __pcstackCOMRAM:
   196                           	opt stack 0
   197  000001                     putch@byte:
   198                           	opt stack 0
   199  000001                     read_digital_keypad@detection_type:
   200                           	opt stack 0
   201                           
   202                           ; 1 bytes @ 0x0
   203  000001                     	ds	1
   204  000002                     puts@s:
   205                           	opt stack 0
   206                           
   207                           ; 2 bytes @ 0x1
   208  000002                     	ds	2
   209  000004                     main@key:
   210                           	opt stack 0
   211                           
   212                           ; 1 bytes @ 0x3
   213  000004                     	ds	1
   214                           tblptru	equ	0xFF8
   215                           tblptrh	equ	0xFF7
   216                           tblptrl	equ	0xFF6
   217                           tablat	equ	0xFF5
   218                           
   219 ;;
   220 ;;Main: autosize = 0, tempsize = 0, incstack = 0, save=0
   221 ;;
   222 ;; *************** function _main *****************
   223 ;; Defined at:
   224 ;;		line 29 in file "main.c"
   225 ;; Parameters:    Size  Location     Type
   226 ;;		None
   227 ;; Auto vars:     Size  Location     Type
   228 ;;  key             1    3[COMRAM] unsigned char 
   229 ;;  c               1    0        unsigned char 
   230 ;; Return value:  Size  Location     Type
   231 ;;                  1    wreg      void 
   232 ;; Registers used:
   233 ;;		wreg, status,2, status,0, tblptrl, tblptrh, tblptru, cstack
   234 ;; Tracked objects:
   235 ;;		On entry : 0/0
   236 ;;		On exit  : 0/0
   237 ;;		Unchanged: 0/0
   238 ;; Data sizes:     COMRAM   BANK0   BANK1   BANK2   BANK3   BANK4   BANK5
   239 ;;      Params:         0       0       0       0       0       0       0
   240 ;;      Locals:         1       0       0       0       0       0       0
   241 ;;      Temps:          0       0       0       0       0       0       0
   242 ;;      Totals:         1       0       0       0       0       0       0
   243 ;;Total ram usage:        1 bytes
   244 ;; Hardware stack levels required when called:    2
   245 ;; This function calls:
   246 ;;		_init_config
   247 ;;		_puts
   248 ;;		_read_digital_keypad
   249 ;; This function is called by:
   250 ;;		Startup code after reset
   251 ;; This function uses a non-reentrant model
   252 ;;
   253                           
   254                           	psect	text0
   255  000656                     __ptext0:
   256                           	opt stack 0
   257  000656                     _main:
   258                           	opt stack 29
   259                           
   260                           ;main.c: 31: unsigned char key;
   261                           ;main.c: 32: char c;
   262                           ;main.c: 33: init_config();
   263                           
   264                           ;incstack = 0
   265  000656  ECC2  F003         	call	_init_config	;wreg free
   266  00065A                     l67:
   267                           
   268                           ;main.c: 35: {
   269                           ;main.c: 36: key = read_digital_keypad(1);
   270  00065A  0E01               	movlw	1
   271  00065C  EC5D  F003         	call	_read_digital_keypad
   272  000660  6E04               	movwf	main@key,c
   273                           
   274                           ;main.c: 37: if(key == 0x0E)
   275  000662  0E0E               	movlw	14
   276  000664  1804               	xorwf	main@key,w,c
   277  000666  A4D8               	btfss	status,2,c
   278  000668  D007               	goto	l863
   279                           
   280                           ;main.c: 38: {
   281                           ;main.c: 39: puts("switch 1 is pressed ");
   282  00066A  0E01               	movlw	low STR_1
   283  00066C  6E02               	movwf	puts@s,c
   284  00066E  0E06               	movlw	high STR_1
   285  000670  6E03               	movwf	puts@s+1,c
   286  000672  EC97  F003         	call	_puts	;wreg free
   287                           
   288                           ;main.c: 40: }
   289  000676  D7F1               	goto	l67
   290  000678                     l863:
   291                           
   292                           ;main.c: 41: else if(key == 0x0D)
   293  000678  0E0D               	movlw	13
   294  00067A  1804               	xorwf	main@key,w,c
   295  00067C  A4D8               	btfss	status,2,c
   296  00067E  D007               	goto	l867
   297                           
   298                           ;main.c: 42: {
   299                           ;main.c: 43: puts("switch 2 is pressed ");
   300  000680  0E16               	movlw	low STR_2
   301  000682  6E02               	movwf	puts@s,c
   302  000684  0E06               	movlw	high STR_2
   303  000686  6E03               	movwf	puts@s+1,c
   304  000688  EC97  F003         	call	_puts	;wreg free
   305                           
   306                           ;main.c: 45: }
   307  00068C  D7E6               	goto	l67
   308  00068E                     l867:
   309                           
   310                           ;main.c: 46: else if(key == 0x0B)
   311  00068E  0E0B               	movlw	11
   312  000690  1804               	xorwf	main@key,w,c
   313  000692  A4D8               	btfss	status,2,c
   314  000694  D007               	goto	l871
   315                           
   316                           ;main.c: 47: {
   317                           ;main.c: 48: puts("switch 3 is pressed ");
   318  000696  0E2B               	movlw	low STR_3
   319  000698  6E02               	movwf	puts@s,c
   320  00069A  0E06               	movlw	high STR_3
   321  00069C  6E03               	movwf	puts@s+1,c
   322  00069E  EC97  F003         	call	_puts	;wreg free
   323                           
   324                           ;main.c: 50: }
   325  0006A2  D7DB               	goto	l67
   326  0006A4                     l871:
   327                           
   328                           ;main.c: 51: else if(key == 0x07)
   329  0006A4  0E07               	movlw	7
   330  0006A6  1804               	xorwf	main@key,w,c
   331  0006A8  A4D8               	btfss	status,2,c
   332  0006AA  D7D7               	goto	l67
   333                           
   334                           ;main.c: 52: {
   335                           ;main.c: 53: puts("switch 4 is pressed ");
   336  0006AC  0E40               	movlw	low STR_4
   337  0006AE  6E02               	movwf	puts@s,c
   338  0006B0  0E06               	movlw	high STR_4
   339  0006B2  6E03               	movwf	puts@s+1,c
   340  0006B4  EC97  F003         	call	_puts	;wreg free
   341  0006B8  D7D0               	goto	l67
   342  0006BA                     __end_of_main:
   343                           	opt stack 0
   344                           tblptru	equ	0xFF8
   345                           tblptrh	equ	0xFF7
   346                           tblptrl	equ	0xFF6
   347                           tablat	equ	0xFF5
   348                           status	equ	0xFD8
   349                           
   350 ;; *************** function _read_digital_keypad *****************
   351 ;; Defined at:
   352 ;;		line 130 in file "main.c"
   353 ;; Parameters:    Size  Location     Type
   354 ;;  detection_ty    1    wreg     unsigned char 
   355 ;; Auto vars:     Size  Location     Type
   356 ;;  detection_ty    1    0[COMRAM] unsigned char 
   357 ;; Return value:  Size  Location     Type
   358 ;;                  1    wreg      unsigned char 
   359 ;; Registers used:
   360 ;;		wreg, status,2, status,0
   361 ;; Tracked objects:
   362 ;;		On entry : 0/0
   363 ;;		On exit  : 0/0
   364 ;;		Unchanged: 0/0
   365 ;; Data sizes:     COMRAM   BANK0   BANK1   BANK2   BANK3   BANK4   BANK5
   366 ;;      Params:         0       0       0       0       0       0       0
   367 ;;      Locals:         1       0       0       0       0       0       0
   368 ;;      Temps:          0       0       0       0       0       0       0
   369 ;;      Totals:         1       0       0       0       0       0       0
   370 ;;Total ram usage:        1 bytes
   371 ;; Hardware stack levels used:    1
   372 ;; This function calls:
   373 ;;		Nothing
   374 ;; This function is called by:
   375 ;;		_main
   376 ;; This function uses a non-reentrant model
   377 ;;
   378                           
   379                           	psect	text1
   380  0006BA                     __ptext1:
   381                           	opt stack 0
   382  0006BA                     _read_digital_keypad:
   383                           	opt stack 30
   384                           
   385                           ;incstack = 0
   386                           ;read_digital_keypad@detection_type stored from wreg
   387  0006BA  6E01               	movwf	read_digital_keypad@detection_type,c
   388                           
   389                           ;main.c: 132: static unsigned char once = 1;
   390                           ;main.c: 134: if (detection_type == 1)
   391  0006BC  0401               	decf	read_digital_keypad@detection_type,w,c
   392  0006BE  A4D8               	btfss	status,2,c
   393  0006C0  D015               	goto	l803
   394                           
   395                           ;main.c: 135: {
   396                           ;main.c: 136: if (((PORTC & 0x0f) != 0x0F) && once)
   397  0006C2  5082               	movf	3970,w,c	;volatile
   398  0006C4  0B0F               	andlw	15
   399  0006C6  0A0F               	xorlw	15
   400  0006C8  B4D8               	btfsc	status,2,c
   401  0006CA  D008               	goto	l799
   402  0006CC  5005               	movf	read_digital_keypad@once,w,c
   403  0006CE  B4D8               	btfsc	status,2,c
   404  0006D0  D005               	goto	l799
   405                           
   406                           ;main.c: 137: {
   407                           ;main.c: 138: once = 0;
   408  0006D2  0E00               	movlw	0
   409  0006D4  6E05               	movwf	read_digital_keypad@once,c
   410  0006D6                     l793:
   411                           
   412                           ;main.c: 140: return (PORTC & 0x0f);
   413  0006D6  5082               	movf	3970,w,c	;volatile
   414  0006D8  0B0F               	andlw	15
   415  0006DA  0012               	return	
   416  0006DC                     l799:
   417                           
   418                           ;main.c: 142: else if ((PORTC & 0x0f) == 0x0F)
   419  0006DC  5082               	movf	3970,w,c	;volatile
   420  0006DE  0B0F               	andlw	15
   421  0006E0  0A0F               	xorlw	15
   422  0006E2  A4D8               	btfss	status,2,c
   423  0006E4  D006               	goto	l809
   424                           
   425                           ;main.c: 143: {
   426                           ;main.c: 144: once = 1;
   427  0006E6  0E01               	movlw	1
   428  0006E8  6E05               	movwf	read_digital_keypad@once,c
   429                           
   430                           ;main.c: 145: }
   431                           ;main.c: 146: }
   432  0006EA  D003               	goto	l809
   433  0006EC                     l803:
   434                           
   435                           ;main.c: 147: else if (detection_type == 0)
   436  0006EC  5001               	movf	read_digital_keypad@detection_type,w,c
   437  0006EE  B4D8               	btfsc	status,2,c
   438  0006F0  D7F2               	goto	l793
   439  0006F2                     l809:
   440                           
   441                           ;main.c: 150: }
   442                           ;main.c: 152: return 0xFF;
   443  0006F2  0EFF               	movlw	255
   444  0006F4  0012               	return	
   445  0006F6                     __end_of_read_digital_keypad:
   446                           	opt stack 0
   447                           tblptru	equ	0xFF8
   448                           tblptrh	equ	0xFF7
   449                           tblptrl	equ	0xFF6
   450                           tablat	equ	0xFF5
   451                           status	equ	0xFD8
   452                           
   453 ;; *************** function _puts *****************
   454 ;; Defined at:
   455 ;;		line 102 in file "main.c"
   456 ;; Parameters:    Size  Location     Type
   457 ;;  s               2    1[COMRAM] PTR const unsigned char 
   458 ;;		 -> STR_4(21), STR_3(21), STR_2(21), STR_1(21), 
   459 ;; Auto vars:     Size  Location     Type
   460 ;;		None
   461 ;; Return value:  Size  Location     Type
   462 ;;                  2    1[COMRAM] int 
   463 ;; Registers used:
   464 ;;		wreg, status,2, status,0, tblptrl, tblptrh, tblptru, cstack
   465 ;; Tracked objects:
   466 ;;		On entry : 0/0
   467 ;;		On exit  : 0/0
   468 ;;		Unchanged: 0/0
   469 ;; Data sizes:     COMRAM   BANK0   BANK1   BANK2   BANK3   BANK4   BANK5
   470 ;;      Params:         2       0       0       0       0       0       0
   471 ;;      Locals:         0       0       0       0       0       0       0
   472 ;;      Temps:          0       0       0       0       0       0       0
   473 ;;      Totals:         2       0       0       0       0       0       0
   474 ;;Total ram usage:        2 bytes
   475 ;; Hardware stack levels used:    1
   476 ;; Hardware stack levels required when called:    1
   477 ;; This function calls:
   478 ;;		_putch
   479 ;; This function is called by:
   480 ;;		_main
   481 ;; This function uses a non-reentrant model
   482 ;;
   483                           
   484                           	psect	text2
   485  00072E                     __ptext2:
   486                           	opt stack 0
   487  00072E                     _puts:
   488                           	opt stack 29
   489                           
   490                           ;main.c: 104: while(*s)
   491                           
   492                           ;incstack = 0
   493  00072E  D00A               	goto	l855
   494  000730                     l851:
   495                           
   496                           ;main.c: 105: {
   497                           ;main.c: 106: putch(*s++);
   498  000730  C002  FFF6         	movff	puts@s,tblptrl
   499  000734  C003  FFF7         	movff	puts@s+1,tblptrh
   500  000738                     	if	0	;tblptru may be non-zero
   501  000738                     	endif
   502  000738                     	if	0	;tblptru may be non-zero
   503  000738                     	endif
   504  000738  0008               	tblrd		*
   505  00073A  50F5               	movf	tablat,w,c
   506  00073C  ECBC  F003         	call	_putch
   507  000740  4A02               	infsnz	puts@s,f,c
   508  000742  2A03               	incf	puts@s+1,f,c
   509  000744                     l855:
   510  000744  C002  FFF6         	movff	puts@s,tblptrl
   511  000748  C003  FFF7         	movff	puts@s+1,tblptrh
   512  00074C                     	if	0	;tblptru may be non-zero
   513  00074C                     	endif
   514  00074C                     	if	0	;tblptru may be non-zero
   515  00074C                     	endif
   516  00074C  0008               	tblrd		*
   517  00074E  50F5               	movf	tablat,w,c
   518  000750  0900               	iorlw	0
   519  000752  B4D8               	btfsc	status,2,c
   520  000754  0012               	return	
   521  000756  D7EC               	goto	l851
   522  000758                     __end_of_puts:
   523                           	opt stack 0
   524                           tblptru	equ	0xFF8
   525                           tblptrh	equ	0xFF7
   526                           tblptrl	equ	0xFF6
   527                           tablat	equ	0xFF5
   528                           status	equ	0xFD8
   529                           
   530 ;; *************** function _putch *****************
   531 ;; Defined at:
   532 ;;		line 92 in file "main.c"
   533 ;; Parameters:    Size  Location     Type
   534 ;;  byte            1    wreg     unsigned char 
   535 ;; Auto vars:     Size  Location     Type
   536 ;;  byte            1    0[COMRAM] unsigned char 
   537 ;; Return value:  Size  Location     Type
   538 ;;                  1    wreg      void 
   539 ;; Registers used:
   540 ;;		wreg
   541 ;; Tracked objects:
   542 ;;		On entry : 0/0
   543 ;;		On exit  : 0/0
   544 ;;		Unchanged: 0/0
   545 ;; Data sizes:     COMRAM   BANK0   BANK1   BANK2   BANK3   BANK4   BANK5
   546 ;;      Params:         0       0       0       0       0       0       0
   547 ;;      Locals:         1       0       0       0       0       0       0
   548 ;;      Temps:          0       0       0       0       0       0       0
   549 ;;      Totals:         1       0       0       0       0       0       0
   550 ;;Total ram usage:        1 bytes
   551 ;; Hardware stack levels used:    1
   552 ;; This function calls:
   553 ;;		Nothing
   554 ;; This function is called by:
   555 ;;		_puts
   556 ;;		_getche
   557 ;; This function uses a non-reentrant model
   558 ;;
   559                           
   560                           	psect	text3
   561  000778                     __ptext3:
   562                           	opt stack 0
   563  000778                     _putch:
   564                           	opt stack 29
   565                           
   566                           ;incstack = 0
   567                           ;putch@byte stored from wreg
   568  000778  6E01               	movwf	putch@byte,c
   569  00077A                     l86:
   570  00077A  A89E               	btfss	3998,4,c	;volatile
   571  00077C  D7FE               	goto	l86
   572                           
   573                           ;main.c: 99: }
   574                           ;main.c: 100: TXREG = byte;
   575  00077E  C001  FFAD         	movff	putch@byte,4013	;volatile
   576  000782  0012               	return		;funcret
   577  000784                     __end_of_putch:
   578                           	opt stack 0
   579                           tblptru	equ	0xFF8
   580                           tblptrh	equ	0xFF7
   581                           tblptrl	equ	0xFF6
   582                           tablat	equ	0xFF5
   583                           status	equ	0xFD8
   584                           
   585 ;; *************** function _init_config *****************
   586 ;; Defined at:
   587 ;;		line 60 in file "main.c"
   588 ;; Parameters:    Size  Location     Type
   589 ;;		None
   590 ;; Auto vars:     Size  Location     Type
   591 ;;		None
   592 ;; Return value:  Size  Location     Type
   593 ;;                  1    wreg      void 
   594 ;; Registers used:
   595 ;;		wreg, status,2, status,0, cstack
   596 ;; Tracked objects:
   597 ;;		On entry : 0/0
   598 ;;		On exit  : 0/0
   599 ;;		Unchanged: 0/0
   600 ;; Data sizes:     COMRAM   BANK0   BANK1   BANK2   BANK3   BANK4   BANK5
   601 ;;      Params:         0       0       0       0       0       0       0
   602 ;;      Locals:         0       0       0       0       0       0       0
   603 ;;      Temps:          0       0       0       0       0       0       0
   604 ;;      Totals:         0       0       0       0       0       0       0
   605 ;;Total ram usage:        0 bytes
   606 ;; Hardware stack levels used:    1
   607 ;; Hardware stack levels required when called:    1
   608 ;; This function calls:
   609 ;;		_init_uart
   610 ;; This function is called by:
   611 ;;		_main
   612 ;; This function uses a non-reentrant model
   613 ;;
   614                           
   615                           	psect	text4
   616  000784                     __ptext4:
   617                           	opt stack 0
   618  000784                     _init_config:
   619                           	opt stack 29
   620                           
   621                           ;main.c: 62: init_uart();
   622                           
   623                           ;incstack = 0
   624  000784  EC7B  F003         	call	_init_uart	;wreg free
   625  000788  0012               	return		;funcret
   626  00078A                     __end_of_init_config:
   627                           	opt stack 0
   628                           tblptru	equ	0xFF8
   629                           tblptrh	equ	0xFF7
   630                           tblptrl	equ	0xFF6
   631                           tablat	equ	0xFF5
   632                           status	equ	0xFD8
   633                           
   634 ;; *************** function _init_uart *****************
   635 ;; Defined at:
   636 ;;		line 64 in file "main.c"
   637 ;; Parameters:    Size  Location     Type
   638 ;;		None
   639 ;; Auto vars:     Size  Location     Type
   640 ;;		None
   641 ;; Return value:  Size  Location     Type
   642 ;;                  1    wreg      void 
   643 ;; Registers used:
   644 ;;		wreg, status,2, status,0
   645 ;; Tracked objects:
   646 ;;		On entry : 0/0
   647 ;;		On exit  : 0/0
   648 ;;		Unchanged: 0/0
   649 ;; Data sizes:     COMRAM   BANK0   BANK1   BANK2   BANK3   BANK4   BANK5
   650 ;;      Params:         0       0       0       0       0       0       0
   651 ;;      Locals:         0       0       0       0       0       0       0
   652 ;;      Temps:          0       0       0       0       0       0       0
   653 ;;      Totals:         0       0       0       0       0       0       0
   654 ;;Total ram usage:        0 bytes
   655 ;; Hardware stack levels used:    1
   656 ;; This function calls:
   657 ;;		Nothing
   658 ;; This function is called by:
   659 ;;		_init_config
   660 ;; This function uses a non-reentrant model
   661 ;;
   662                           
   663                           	psect	text5
   664  0006F6                     __ptext5:
   665                           	opt stack 0
   666  0006F6                     _init_uart:
   667                           	opt stack 29
   668                           
   669                           ;main.c: 66: TRISC = TRISC | 0x0F;
   670                           
   671                           ;incstack = 0
   672  0006F6  5094               	movf	3988,w,c	;volatile
   673  0006F8  090F               	iorlw	15
   674  0006FA  6E94               	movwf	3988,c	;volatile
   675                           
   676                           ;main.c: 67: TXIE=1;
   677  0006FC  889D               	bsf	3997,4,c	;volatile
   678                           
   679                           ;main.c: 68: TXIF=0;
   680  0006FE  989E               	bcf	3998,4,c	;volatile
   681                           
   682                           ;main.c: 69: TRISC6=0;
   683  000700  9C94               	bcf	3988,6,c	;volatile
   684                           
   685                           ;main.c: 70: TRISC7=1;
   686  000702  8E94               	bsf	3988,7,c	;volatile
   687                           
   688                           ;main.c: 71: TX9D=0;
   689  000704  90AC               	bcf	4012,0,c	;volatile
   690                           
   691                           ;main.c: 72: TXEN=1;
   692  000706  8AAC               	bsf	4012,5,c	;volatile
   693                           
   694                           ;main.c: 73: SYNC=0;
   695  000708  98AC               	bcf	4012,4,c	;volatile
   696                           
   697                           ;main.c: 74: SENDB=1;
   698  00070A  86AC               	bsf	4012,3,c	;volatile
   699                           
   700                           ;main.c: 75: TRMT=1;
   701  00070C  82AC               	bsf	4012,1,c	;volatile
   702                           
   703                           ;main.c: 76: BRGH=1;
   704  00070E  84AC               	bsf	4012,2,c	;volatile
   705                           
   706                           ;main.c: 77: SPEN=1;
   707  000710  8EAB               	bsf	4011,7,c	;volatile
   708                           
   709                           ;main.c: 78: RX9=0;
   710  000712  9CAB               	bcf	4011,6,c	;volatile
   711                           
   712                           ;main.c: 79: SREN=0;
   713  000714  9AAB               	bcf	4011,5,c	;volatile
   714                           
   715                           ;main.c: 80: CREN=1;
   716  000716  88AB               	bsf	4011,4,c	;volatile
   717                           
   718                           ;main.c: 81: FERR=0;
   719  000718  94AB               	bcf	4011,2,c	;volatile
   720                           
   721                           ;main.c: 82: OERR=0;
   722  00071A  92AB               	bcf	4011,1,c	;volatile
   723                           
   724                           ;main.c: 83: RX9D=0;
   725  00071C  90AB               	bcf	4011,0,c	;volatile
   726                           
   727                           ;main.c: 84: ABDOVF=0;
   728  00071E  9EB8               	bcf	4024,7,c	;volatile
   729                           
   730                           ;main.c: 85: RCIDL=1;
   731  000720  8CB8               	bsf	4024,6,c	;volatile
   732                           
   733                           ;main.c: 86: SCKP=0;
   734  000722  98B8               	bcf	4024,4,c	;volatile
   735                           
   736                           ;main.c: 87: BRG16=0;
   737  000724  96B8               	bcf	4024,3,c	;volatile
   738                           
   739                           ;main.c: 88: ABDEN=0;
   740  000726  90B8               	bcf	4024,0,c	;volatile
   741                           
   742                           ;main.c: 89: RCIE=1;
   743  000728  8A9D               	bsf	3997,5,c	;volatile
   744                           
   745                           ;main.c: 90: RCIF=0;
   746  00072A  9A9E               	bcf	3998,5,c	;volatile
   747  00072C  0012               	return		;funcret
   748  00072E                     __end_of_init_uart:
   749                           	opt stack 0
   750                           tblptru	equ	0xFF8
   751                           tblptrh	equ	0xFF7
   752                           tblptrl	equ	0xFF6
   753                           tablat	equ	0xFF5
   754                           status	equ	0xFD8
   755                           tblptru	equ	0xFF8
   756                           tblptrh	equ	0xFF7
   757                           tblptrl	equ	0xFF6
   758                           tablat	equ	0xFF5
   759                           status	equ	0xFD8
   760                           
   761                           	psect	rparam
   762  0000                     tblptru	equ	0xFF8
   763                           tblptrh	equ	0xFF7
   764                           tblptrl	equ	0xFF6
   765                           tablat	equ	0xFF5
   766                           status	equ	0xFD8


Data Sizes:
    Strings     84
    Constant    0
    Data        1
    BSS         0
    Persistent  0
    Stack       0

Auto Spaces:
    Space          Size  Autos    Used
    COMRAM           95      4       5
    BANK0           160      0       0
    BANK1           256      0       0
    BANK2           256      0       0
    BANK3           256      0       0
    BANK4           256      0       0
    BANK5           256      0       0

Pointer List with Targets:

    puts@s	PTR const unsigned char  size(2) Largest target is 21
		 -> STR_4(CODE[21]), STR_3(CODE[21]), STR_2(CODE[21]), STR_1(CODE[21]), 


Critical Paths under _main in COMRAM

    _main->_puts
    _puts->_putch

Critical Paths under _main in BANK0

    None.

Critical Paths under _main in BANK1

    None.

Critical Paths under _main in BANK2

    None.

Critical Paths under _main in BANK3

    None.

Critical Paths under _main in BANK4

    None.

Critical Paths under _main in BANK5

    None.

Call Graph Tables:

 ---------------------------------------------------------------------------------
 (Depth) Function   	        Calls       Base Space   Used Autos Params    Refs
 ---------------------------------------------------------------------------------
 (0) _main                                                 2     2      0     435
                                              3 COMRAM     1     1      0
                        _init_config
                               _puts
                _read_digital_keypad
 ---------------------------------------------------------------------------------
 (1) _read_digital_keypad                                  1     1      0      30
                                              0 COMRAM     1     1      0
 ---------------------------------------------------------------------------------
 (1) _puts                                                 2     0      2     316
                                              1 COMRAM     2     0      2
                              _putch
 ---------------------------------------------------------------------------------
 (2) _putch                                                1     1      0      15
                                              0 COMRAM     1     1      0
 ---------------------------------------------------------------------------------
 (1) _init_config                                          0     0      0       0
                          _init_uart
 ---------------------------------------------------------------------------------
 (2) _init_uart                                            0     0      0       0
 ---------------------------------------------------------------------------------
 Estimated maximum stack depth 2
 ---------------------------------------------------------------------------------

 Call Graph Graphs:

 _main (ROOT)
   _init_config
     _init_uart
   _puts
     _putch
   _read_digital_keypad

 Address spaces:
Name               Size   Autos  Total    Cost      Usage
BIGRAM             5FF      0       0      16        0.0%
EEDATA             100      0       0       0        0.0%
BITBANK5           100      0       0      14        0.0%
BANK5              100      0       0      15        0.0%
BITBANK4           100      0       0      12        0.0%
BANK4              100      0       0      13        0.0%
BITBANK3           100      0       0      10        0.0%
BANK3              100      0       0      11        0.0%
BITBANK2           100      0       0       8        0.0%
BANK2              100      0       0       9        0.0%
BITBANK1           100      0       0       6        0.0%
BANK1              100      0       0       7        0.0%
BITBANK0            A0      0       0       4        0.0%
BANK0               A0      0       0       5        0.0%
BITCOMRAM           5F      0       0       0        0.0%
COMRAM              5F      4       5       1        5.3%
BITSFR_3             0      0       0      40        0.0%
SFR_3                0      0       0      40        0.0%
BITSFR_2             0      0       0      40        0.0%
SFR_2                0      0       0      40        0.0%
BITSFR_1             0      0       0      40        0.0%
SFR_1                0      0       0      40        0.0%
BITSFR               0      0       0      40        0.0%
SFR                  0      0       0      40        0.0%
STACK                0      0       0       2        0.0%
NULL                 0      0       0       0        0.0%
ABS                  0      0       5       3        0.0%
DATA                 0      0       5      17        0.0%
CODE                 0      0       0       0        0.0%


Microchip Technology PIC18 Macro Assembler V1.36 build -262312587 
Symbol Table                                                                                   Tue Jun 20 02:45:32 2023

                               l67 065A                                 l86 077A  
                              l803 06EC                                l809 06F2  
                              l851 0730                                l855 0744  
                              l871 06A4                                l863 0678  
                              l793 06D6                                l867 068E  
                              l799 06DC                                _RX9 007D5E  
            ??_read_digital_keypad 0001                               STR_1 0601  
                             STR_2 0616                               STR_3 062B  
                             STR_4 0640                               _BRGH 007D62  
                             _CREN 007D5C                               _FERR 007D5A  
                             _RCIE 007CED                               _RCIF 007CF5  
                             _OERR 007D59                               _SCKP 007DC4  
                             _RX9D 007D58                               _SPEN 007D5F  
                             _TX9D 007D60                               _SREN 007D5D  
                             _TRMT 007D61                               _TXIE 007CEC  
                             _TXIF 007CF4                               _TXEN 007D65  
                             _SYNC 007D64                               _main 0656  
                             _puts 072E                               start 0000  
                     ___param_bank 000010                              _ABDEN 007DC0  
                            ?_main 0001                              _BRG16 007DC3  
                            ?_puts 0002                       ?_init_config 0001  
                            _RCIDL 007DC6                              _RCREG 000FAE  
                            _SENDB 007D63                              _PORTC 000F82  
                            _TRISC 000F94                              _TXREG 000FAD  
                            _putch 0778                              tablat 000FF5  
                            puts@s 0002                              status 000FD8  
                  __initialization 0758                       __end_of_main 06BA  
                     __end_of_puts 0758                             ??_main 0004  
                           ??_puts 0004                      __activetblptr 000001  
                           _ABDOVF 007DC7                             ?_putch 0001  
                           _TRISC6 007CA6                             _TRISC7 007CA7  
                     __pdataCOMRAM 0005                       __mediumconst 0000  
                           tblptrh 000FF7                             tblptrl 000FF6  
                           tblptru 000FF8                         __accesstop 0060  
          __end_of__initialization 076A                      ___rparam_used 000001  
                   __pcstackCOMRAM 0001                      __end_of_putch 0784  
             __size_of_init_config 0006                            ??_putch 0001  
               __size_of_init_uart 0038        __end_of_read_digital_keypad 06F6  
                          __Hparam 0000                            __Lparam 0000  
                     __psmallconst 0600                            __pcinit 0758  
                          __ramtop 0600                            __ptext0 0656  
                          __ptext1 06BA                            __ptext2 072E  
                          __ptext3 0778                            __ptext4 0784  
                          __ptext5 06F6                  __end_of_init_uart 072E  
                          main@key 0004               end_of_initialization 076A  
                    __pidataCOMRAM 078A                start_initialization 0758  
                    ??_init_config 0001                        __smallconst 0600  
              __end_of_init_config 078A                          _init_uart 06F6  
                   __size_of_putch 000C       __size_of_read_digital_keypad 003C  
read_digital_keypad@detection_type 0001                         ?_init_uart 0001  
                         __Hrparam 0000                           __Lrparam 0000  
                     __Lsmallconst 0600                        _init_config 0784  
                    __size_of_main 0064            read_digital_keypad@once 0005  
                    __size_of_puts 002A                          putch@byte 0001  
                      ??_init_uart 0001                _read_digital_keypad 06BA  
             ?_read_digital_keypad 0001  
