

Microchip Technology PIC18 LITE Macro Assembler V1.36 build -262312587 
                                                                                               Mon Jun  5 07:12:53 2023

Microchip Technology Omniscient Code Generator v1.36 (Free mode) build 201601150325
     1                           	processor	18F4580
     2                           	fnconf	rparam,??,?,0
     3                           	opt	pw 120
     4                           	opt	lm
     5                           	psect	idataCOMRAM,global,class=CODE,delta=1
     6                           	psect	cinit,global,reloc=2,class=CODE,delta=1
     7                           	psect	bssCOMRAM,global,class=COMRAM,space=1,delta=1
     8                           	psect	dataCOMRAM,global,class=COMRAM,space=1,delta=1
     9                           	psect	cstackCOMRAM,global,class=COMRAM,space=1,delta=1
    10                           	psect	text0,global,reloc=2,class=CODE,delta=1
    11                           	psect	text1,global,reloc=2,class=CODE,delta=1
    12                           	psect	text2,global,reloc=2,class=CODE,delta=1
    13                           	psect	text3,global,reloc=2,class=CODE,delta=1
    14                           	psect	intsave_regs,global,class=BIGRAM,space=1,delta=1
    15                           	psect	rparam,global,class=COMRAM,space=1,delta=1
    16  0000                     
    17                           	psect	idataCOMRAM
    18  002DC0                     __pidataCOMRAM:
    19                           	opt stack 0
    20                           
    21                           ;initializer for _data
    22  002DC0  E7                 	db	231
    23  002DC1  21                 	db	33
    24  002DC2  CB                 	db	203
    25  002DC3  6B                 	db	107
    26  002DC4  2D                 	db	45
    27  002DC5  6E                 	db	110
    28  002DC6  EE                 	db	238
    29  002DC7  23                 	db	35
    30  002DC8  EF                 	db	239
    31  002DC9  6F                 	db	111
    32  002DCA  40                 	db	64
    33  002DCB  40                 	db	64
    34                           
    35                           ;initializer for _wait
    36  002DCC  03E8               	dw	1000
    37  002DCE  0000               	dw	0
    38  0000                     _PORTA	set	3968
    39  0000                     _PORTD	set	3971
    40  0000                     _TRISA	set	3986
    41  0000                     _TRISD	set	3989
    42                           
    43                           ; #config settings
    44                           
    45                           	psect	cinit
    46  002DD0                     __pcinit:
    47                           	opt stack 0
    48  002DD0                     start_initialization:
    49                           	opt stack 0
    50  002DD0                     __initialization:
    51                           	opt stack 0
    52                           
    53                           ; Clear objects allocated to COMRAM (8 bytes)
    54  002DD0  EE00  F01A         	lfsr	0,__pbssCOMRAM
    55  002DD4  0E08               	movlw	8
    56  002DD6                     clear_0:
    57  002DD6  6AEE               	clrf	postinc0,c
    58  002DD8  06E8               	decf	wreg,f,c
    59  002DDA  E1FD               	bnz	clear_0
    60                           
    61                           ; Initialize objects allocated to COMRAM (16 bytes)
    62                           ; load TBLPTR registers with __pidataCOMRAM
    63  002DDC  0EC0               	movlw	low __pidataCOMRAM
    64  002DDE  6EF6               	movwf	tblptrl,c
    65  002DE0  0E2D               	movlw	high __pidataCOMRAM
    66  002DE2  6EF7               	movwf	tblptrh,c
    67  002DE4  0E00               	movlw	low (__pidataCOMRAM shr (0+16))
    68  002DE6  6EF8               	movwf	tblptru,c
    69  002DE8  EE00  F001         	lfsr	0,__pdataCOMRAM
    70  002DEC  EE10 F010          	lfsr	1,16
    71  002DF0                     copy_data0:
    72  002DF0  0009               	tblrd		*+
    73  002DF2  CFF5 FFEE          	movff	tablat,postinc0
    74  002DF6  50E5               	movf	postdec1,w,c
    75  002DF8  50E1               	movf	fsr1l,w,c
    76  002DFA  E1FA               	bnz	copy_data0
    77  002DFC                     end_of_initialization:
    78                           	opt stack 0
    79  002DFC                     __end_of__initialization:
    80                           	opt stack 0
    81  002DFC  0100               	movlb	0
    82  002DFE  EF67  F017         	goto	_main	;jump to C main() function
    83                           tblptru	equ	0xFF8
    84                           tblptrh	equ	0xFF7
    85                           tblptrl	equ	0xFF6
    86                           tablat	equ	0xFF5
    87                           postinc0	equ	0xFEE
    88                           wreg	equ	0xFE8
    89                           postdec1	equ	0xFE5
    90                           fsr1l	equ	0xFE1
    91                           
    92                           	psect	bssCOMRAM
    93  00001A                     __pbssCOMRAM:
    94                           	opt stack 0
    95  00001A                     _i:
    96                           	opt stack 0
    97  00001A                     	ds	4
    98  00001E                     _ssd:
    99                           	opt stack 0
   100  00001E                     	ds	4
   101                           tblptru	equ	0xFF8
   102                           tblptrh	equ	0xFF7
   103                           tblptrl	equ	0xFF6
   104                           tablat	equ	0xFF5
   105                           postinc0	equ	0xFEE
   106                           wreg	equ	0xFE8
   107                           postdec1	equ	0xFE5
   108                           fsr1l	equ	0xFE1
   109                           
   110                           	psect	dataCOMRAM
   111  000001                     __pdataCOMRAM:
   112                           	opt stack 0
   113  000001                     _data:
   114                           	opt stack 0
   115  000001                     	ds	12
   116  00000D                     _wait:
   117                           	opt stack 0
   118  00000D                     	ds	4
   119                           tblptru	equ	0xFF8
   120                           tblptrh	equ	0xFF7
   121                           tblptrl	equ	0xFF6
   122                           tablat	equ	0xFF5
   123                           postinc0	equ	0xFEE
   124                           wreg	equ	0xFE8
   125                           postdec1	equ	0xFE5
   126                           fsr1l	equ	0xFE1
   127                           
   128                           	psect	cstackCOMRAM
   129  000011                     __pcstackCOMRAM:
   130                           	opt stack 0
   131  000011                     ?___llmod:
   132                           	opt stack 0
   133  000011                     display@ssd:
   134                           	opt stack 0
   135  000011                     ___llmod@dividend:
   136                           	opt stack 0
   137                           
   138                           ; 4 bytes @ 0x0
   139  000011                     	ds	2
   140  000013                     ??_display:
   141                           
   142                           ; 1 bytes @ 0x2
   143  000013                     	ds	2
   144  000015                     display@j:
   145                           	opt stack 0
   146  000015                     ___llmod@divisor:
   147                           	opt stack 0
   148                           
   149                           ; 4 bytes @ 0x4
   150  000015                     	ds	2
   151  000017                     display@i:
   152                           	opt stack 0
   153                           
   154                           ; 2 bytes @ 0x6
   155  000017                     	ds	2
   156  000019                     ___llmod@counter:
   157                           	opt stack 0
   158                           
   159                           ; 1 bytes @ 0x8
   160  000019                     	ds	1
   161  00001A                     tblptru	equ	0xFF8
   162                           tblptrh	equ	0xFF7
   163                           tblptrl	equ	0xFF6
   164                           tablat	equ	0xFF5
   165                           postinc0	equ	0xFEE
   166                           wreg	equ	0xFE8
   167                           postdec1	equ	0xFE5
   168                           fsr1l	equ	0xFE1
   169                           
   170                           ; 1 bytes @ 0x9
   171 ;;
   172 ;;Main: autosize = 0, tempsize = 0, incstack = 0, save=0
   173 ;;
   174 ;; *************** function _main *****************
   175 ;; Defined at:
   176 ;;		line 14 in file "main.c"
   177 ;; Parameters:    Size  Location     Type
   178 ;;		None
   179 ;; Auto vars:     Size  Location     Type
   180 ;;		None
   181 ;; Return value:  Size  Location     Type
   182 ;;                  1    wreg      void 
   183 ;; Registers used:
   184 ;;		wreg, fsr2l, fsr2h, status,2, status,0, cstack
   185 ;; Tracked objects:
   186 ;;		On entry : 0/0
   187 ;;		On exit  : 0/0
   188 ;;		Unchanged: 0/0
   189 ;; Data sizes:     COMRAM   BANK0   BANK1   BANK2   BANK3   BANK4   BANK5
   190 ;;      Params:         0       0       0       0       0       0       0
   191 ;;      Locals:         0       0       0       0       0       0       0
   192 ;;      Temps:          0       0       0       0       0       0       0
   193 ;;      Totals:         0       0       0       0       0       0       0
   194 ;;Total ram usage:        0 bytes
   195 ;; Hardware stack levels required when called:    1
   196 ;; This function calls:
   197 ;;		___llmod
   198 ;;		_display
   199 ;;		_init_config
   200 ;; This function is called by:
   201 ;;		Startup code after reset
   202 ;; This function uses a non-reentrant model
   203 ;;
   204                           
   205                           	psect	text0
   206  002ECE                     __ptext0:
   207                           	opt stack 0
   208  002ECE                     _main:
   209                           	opt stack 30
   210                           
   211                           ;main.c: 16: init_config();
   212                           
   213                           ;incstack = 0
   214  002ECE  ECD8  F016         	call	_init_config	;wreg free
   215  002ED2                     l757:
   216                           
   217                           ;main.c: 18: {
   218                           ;main.c: 19: if(wait-- ==0 )
   219  002ED2  060D               	decf	_wait,f,c
   220  002ED4  0E00               	movlw	0
   221  002ED6  5A0E               	subwfb	_wait+1,f,c
   222  002ED8  5A0F               	subwfb	_wait+2,f,c
   223  002EDA  5A10               	subwfb	_wait+3,f,c
   224  002EDC  280D               	incf	_wait,w,c
   225  002EDE  E115               	bnz	l763
   226  002EE0  280E               	incf	_wait+1,w,c
   227  002EE2  E113               	bnz	l763
   228  002EE4  280F               	incf	_wait+2,w,c
   229  002EE6  E111               	bnz	l763
   230  002EE8  2810               	incf	_wait+3,w,c
   231  002EEA  A4D8               	btfss	status,2,c
   232  002EEC  D00E               	goto	l763
   233                           
   234                           ;main.c: 20: {
   235                           ;main.c: 21: i++;
   236  002EEE  0E01               	movlw	1
   237  002EF0  261A               	addwf	_i,f,c
   238  002EF2  0E00               	movlw	0
   239  002EF4  221B               	addwfc	_i+1,f,c
   240  002EF6  221C               	addwfc	_i+2,f,c
   241  002EF8  221D               	addwfc	_i+3,f,c
   242                           
   243                           ;main.c: 22: wait=1000;
   244  002EFA  0EE8               	movlw	232
   245  002EFC  6E0D               	movwf	_wait,c
   246  002EFE  0E03               	movlw	3
   247  002F00  6E0E               	movwf	_wait+1,c
   248  002F02  0E00               	movlw	0
   249  002F04  6E0F               	movwf	_wait+2,c
   250  002F06  0E00               	movlw	0
   251  002F08  6E10               	movwf	_wait+3,c
   252  002F0A                     l763:
   253                           
   254                           ;main.c: 23: }
   255                           ;main.c: 24: ssd[0]=data[i % 12];
   256  002F0A  C01A  F011         	movff	_i,___llmod@dividend
   257  002F0E  C01B  F012         	movff	_i+1,___llmod@dividend+1
   258  002F12  C01C  F013         	movff	_i+2,___llmod@dividend+2
   259  002F16  C01D  F014         	movff	_i+3,___llmod@dividend+3
   260  002F1A  0E0C               	movlw	12
   261  002F1C  6E15               	movwf	___llmod@divisor,c
   262  002F1E  0E00               	movlw	0
   263  002F20  6E16               	movwf	___llmod@divisor+1,c
   264  002F22  0E00               	movlw	0
   265  002F24  6E17               	movwf	___llmod@divisor+2,c
   266  002F26  0E00               	movlw	0
   267  002F28  6E18               	movwf	___llmod@divisor+3,c
   268  002F2A  EC01  F017         	call	___llmod	;wreg free
   269  002F2E  0E01               	movlw	low _data
   270  002F30  2411               	addwf	?___llmod,w,c
   271  002F32  6ED9               	movwf	fsr2l,c
   272  002F34  0E00               	movlw	high _data
   273  002F36  2012               	addwfc	?___llmod+1,w,c
   274  002F38  6EDA               	movwf	fsr2h,c
   275  002F3A  50DF               	movf	indf2,w,c
   276  002F3C  6E1E               	movwf	_ssd,c
   277                           
   278                           ;main.c: 25: ssd[1]=data[(i + 1)%12];
   279  002F3E  0E01               	movlw	1
   280  002F40  241A               	addwf	_i,w,c
   281  002F42  6E11               	movwf	___llmod@dividend,c
   282  002F44  0E00               	movlw	0
   283  002F46  201B               	addwfc	_i+1,w,c
   284  002F48  6E12               	movwf	___llmod@dividend+1,c
   285  002F4A  0E00               	movlw	0
   286  002F4C  201C               	addwfc	_i+2,w,c
   287  002F4E  6E13               	movwf	___llmod@dividend+2,c
   288  002F50  0E00               	movlw	0
   289  002F52  201D               	addwfc	_i+3,w,c
   290  002F54  6E14               	movwf	___llmod@dividend+3,c
   291  002F56  0E0C               	movlw	12
   292  002F58  6E15               	movwf	___llmod@divisor,c
   293  002F5A  0E00               	movlw	0
   294  002F5C  6E16               	movwf	___llmod@divisor+1,c
   295  002F5E  0E00               	movlw	0
   296  002F60  6E17               	movwf	___llmod@divisor+2,c
   297  002F62  0E00               	movlw	0
   298  002F64  6E18               	movwf	___llmod@divisor+3,c
   299  002F66  EC01  F017         	call	___llmod	;wreg free
   300  002F6A  0E01               	movlw	low _data
   301  002F6C  2411               	addwf	?___llmod,w,c
   302  002F6E  6ED9               	movwf	fsr2l,c
   303  002F70  0E00               	movlw	high _data
   304  002F72  2012               	addwfc	?___llmod+1,w,c
   305  002F74  6EDA               	movwf	fsr2h,c
   306  002F76  50DF               	movf	indf2,w,c
   307  002F78  6E1F               	movwf	_ssd+1,c
   308                           
   309                           ;main.c: 26: ssd[2]=data[((i+2) %12)];
   310  002F7A  0E02               	movlw	2
   311  002F7C  241A               	addwf	_i,w,c
   312  002F7E  6E11               	movwf	___llmod@dividend,c
   313  002F80  0E00               	movlw	0
   314  002F82  201B               	addwfc	_i+1,w,c
   315  002F84  6E12               	movwf	___llmod@dividend+1,c
   316  002F86  0E00               	movlw	0
   317  002F88  201C               	addwfc	_i+2,w,c
   318  002F8A  6E13               	movwf	___llmod@dividend+2,c
   319  002F8C  0E00               	movlw	0
   320  002F8E  201D               	addwfc	_i+3,w,c
   321  002F90  6E14               	movwf	___llmod@dividend+3,c
   322  002F92  0E0C               	movlw	12
   323  002F94  6E15               	movwf	___llmod@divisor,c
   324  002F96  0E00               	movlw	0
   325  002F98  6E16               	movwf	___llmod@divisor+1,c
   326  002F9A  0E00               	movlw	0
   327  002F9C  6E17               	movwf	___llmod@divisor+2,c
   328  002F9E  0E00               	movlw	0
   329  002FA0  6E18               	movwf	___llmod@divisor+3,c
   330  002FA2  EC01  F017         	call	___llmod	;wreg free
   331  002FA6  0E01               	movlw	low _data
   332  002FA8  2411               	addwf	?___llmod,w,c
   333  002FAA  6ED9               	movwf	fsr2l,c
   334  002FAC  0E00               	movlw	high _data
   335  002FAE  2012               	addwfc	?___llmod+1,w,c
   336  002FB0  6EDA               	movwf	fsr2h,c
   337  002FB2  50DF               	movf	indf2,w,c
   338  002FB4  6E20               	movwf	_ssd+2,c
   339                           
   340                           ;main.c: 27: ssd[3]=data[(i+3)%12];
   341  002FB6  0E03               	movlw	3
   342  002FB8  241A               	addwf	_i,w,c
   343  002FBA  6E11               	movwf	___llmod@dividend,c
   344  002FBC  0E00               	movlw	0
   345  002FBE  201B               	addwfc	_i+1,w,c
   346  002FC0  6E12               	movwf	___llmod@dividend+1,c
   347  002FC2  0E00               	movlw	0
   348  002FC4  201C               	addwfc	_i+2,w,c
   349  002FC6  6E13               	movwf	___llmod@dividend+2,c
   350  002FC8  0E00               	movlw	0
   351  002FCA  201D               	addwfc	_i+3,w,c
   352  002FCC  6E14               	movwf	___llmod@dividend+3,c
   353  002FCE  0E0C               	movlw	12
   354  002FD0  6E15               	movwf	___llmod@divisor,c
   355  002FD2  0E00               	movlw	0
   356  002FD4  6E16               	movwf	___llmod@divisor+1,c
   357  002FD6  0E00               	movlw	0
   358  002FD8  6E17               	movwf	___llmod@divisor+2,c
   359  002FDA  0E00               	movlw	0
   360  002FDC  6E18               	movwf	___llmod@divisor+3,c
   361  002FDE  EC01  F017         	call	___llmod	;wreg free
   362  002FE2  0E01               	movlw	low _data
   363  002FE4  2411               	addwf	?___llmod,w,c
   364  002FE6  6ED9               	movwf	fsr2l,c
   365  002FE8  0E00               	movlw	high _data
   366  002FEA  2012               	addwfc	?___llmod+1,w,c
   367  002FEC  6EDA               	movwf	fsr2h,c
   368  002FEE  50DF               	movf	indf2,w,c
   369  002FF0  6E21               	movwf	_ssd+3,c
   370                           
   371                           ;main.c: 28: display(ssd);
   372  002FF2  0E1E               	movlw	low _ssd
   373  002FF4  6E11               	movwf	display@ssd,c
   374  002FF6  0E00               	movlw	high _ssd
   375  002FF8  6E12               	movwf	display@ssd+1,c
   376  002FFA  EC34  F017         	call	_display	;wreg free
   377  002FFE  D769               	goto	l757
   378  003000                     __end_of_main:
   379                           	opt stack 0
   380                           tblptru	equ	0xFF8
   381                           tblptrh	equ	0xFF7
   382                           tblptrl	equ	0xFF6
   383                           tablat	equ	0xFF5
   384                           postinc0	equ	0xFEE
   385                           wreg	equ	0xFE8
   386                           postdec1	equ	0xFE5
   387                           fsr1l	equ	0xFE1
   388                           indf2	equ	0xFDF
   389                           fsr2h	equ	0xFDA
   390                           fsr2l	equ	0xFD9
   391                           status	equ	0xFD8
   392                           
   393 ;; *************** function _init_config *****************
   394 ;; Defined at:
   395 ;;		line 37 in file "main.c"
   396 ;; Parameters:    Size  Location     Type
   397 ;;		None
   398 ;; Auto vars:     Size  Location     Type
   399 ;;		None
   400 ;; Return value:  Size  Location     Type
   401 ;;                  1    wreg      void 
   402 ;; Registers used:
   403 ;;		wreg, status,2, status,0
   404 ;; Tracked objects:
   405 ;;		On entry : 0/0
   406 ;;		On exit  : 0/0
   407 ;;		Unchanged: 0/0
   408 ;; Data sizes:     COMRAM   BANK0   BANK1   BANK2   BANK3   BANK4   BANK5
   409 ;;      Params:         0       0       0       0       0       0       0
   410 ;;      Locals:         0       0       0       0       0       0       0
   411 ;;      Temps:          0       0       0       0       0       0       0
   412 ;;      Totals:         0       0       0       0       0       0       0
   413 ;;Total ram usage:        0 bytes
   414 ;; Hardware stack levels used:    1
   415 ;; This function calls:
   416 ;;		Nothing
   417 ;; This function is called by:
   418 ;;		_main
   419 ;; This function uses a non-reentrant model
   420 ;;
   421                           
   422                           	psect	text1
   423  002DB0                     __ptext1:
   424                           	opt stack 0
   425  002DB0                     _init_config:
   426                           	opt stack 30
   427                           
   428                           ;main.c: 39: TRISD=0X00;
   429                           
   430                           ;incstack = 0
   431  002DB0  0E00               	movlw	0
   432  002DB2  6E95               	movwf	3989,c	;volatile
   433                           
   434                           ;main.c: 40: TRISA=TRISA & 0XF0;
   435  002DB4  5092               	movf	3986,w,c	;volatile
   436  002DB6  0BF0               	andlw	240
   437  002DB8  6E92               	movwf	3986,c	;volatile
   438                           
   439                           ;main.c: 41: PORTD=0X00;
   440  002DBA  0E00               	movlw	0
   441  002DBC  6E83               	movwf	3971,c	;volatile
   442  002DBE  0012               	return		;funcret
   443  002DC0                     __end_of_init_config:
   444                           	opt stack 0
   445                           tblptru	equ	0xFF8
   446                           tblptrh	equ	0xFF7
   447                           tblptrl	equ	0xFF6
   448                           tablat	equ	0xFF5
   449                           postinc0	equ	0xFEE
   450                           wreg	equ	0xFE8
   451                           postdec1	equ	0xFE5
   452                           fsr1l	equ	0xFE1
   453                           indf2	equ	0xFDF
   454                           fsr2h	equ	0xFDA
   455                           fsr2l	equ	0xFD9
   456                           status	equ	0xFD8
   457                           
   458 ;; *************** function _display *****************
   459 ;; Defined at:
   460 ;;		line 44 in file "main.c"
   461 ;; Parameters:    Size  Location     Type
   462 ;;  ssd             2    0[COMRAM] PTR unsigned char 
   463 ;;		 -> ssd(4), 
   464 ;; Auto vars:     Size  Location     Type
   465 ;;  j               2    4[COMRAM] unsigned int 
   466 ;;  i               2    6[COMRAM] int 
   467 ;; Return value:  Size  Location     Type
   468 ;;                  1    wreg      void 
   469 ;; Registers used:
   470 ;;		wreg, fsr2l, fsr2h, status,2, status,0
   471 ;; Tracked objects:
   472 ;;		On entry : 0/0
   473 ;;		On exit  : 0/0
   474 ;;		Unchanged: 0/0
   475 ;; Data sizes:     COMRAM   BANK0   BANK1   BANK2   BANK3   BANK4   BANK5
   476 ;;      Params:         2       0       0       0       0       0       0
   477 ;;      Locals:         4       0       0       0       0       0       0
   478 ;;      Temps:          2       0       0       0       0       0       0
   479 ;;      Totals:         8       0       0       0       0       0       0
   480 ;;Total ram usage:        8 bytes
   481 ;; Hardware stack levels used:    1
   482 ;; This function calls:
   483 ;;		Nothing
   484 ;; This function is called by:
   485 ;;		_main
   486 ;; This function uses a non-reentrant model
   487 ;;
   488                           
   489                           	psect	text2
   490  002E68                     __ptext2:
   491                           	opt stack 0
   492  002E68                     _display:
   493                           	opt stack 30
   494                           
   495                           ;main.c: 46: for(int i=0;i < 4;i++)
   496                           
   497                           ;incstack = 0
   498  002E68  0E00               	movlw	0
   499  002E6A  6E18               	movwf	display@i+1,c
   500  002E6C  0E00               	movlw	0
   501  002E6E  6E17               	movwf	display@i,c
   502  002E70                     l717:
   503  002E70  BE18               	btfsc	display@i+1,7,c
   504  002E72  D006               	goto	l721
   505  002E74  5018               	movf	display@i+1,w,c
   506  002E76  E12A               	bnz	l37
   507  002E78  0E04               	movlw	4
   508  002E7A  5C17               	subwf	display@i,w,c
   509  002E7C  B0D8               	btfsc	status,0,c
   510  002E7E  0012               	return	
   511  002E80                     l721:
   512                           
   513                           ;main.c: 47: {
   514                           ;main.c: 48: PORTD=ssd[i];
   515  002E80  5017               	movf	display@i,w,c
   516  002E82  2411               	addwf	display@ssd,w,c
   517  002E84  6ED9               	movwf	fsr2l,c
   518  002E86  5018               	movf	display@i+1,w,c
   519  002E88  2012               	addwfc	display@ssd+1,w,c
   520  002E8A  6EDA               	movwf	fsr2h,c
   521  002E8C  50DF               	movf	indf2,w,c
   522  002E8E  6E83               	movwf	3971,c	;volatile
   523                           
   524                           ;main.c: 49: PORTA=(PORTA & 0Xf0 ) | (1<<i);
   525  002E90  C017  F013         	movff	display@i,??_display
   526  002E94  0E01               	movlw	1
   527  002E96  6E14               	movwf	(??_display+1)& (0+255),c
   528  002E98  2A13               	incf	??_display,f,c
   529  002E9A  D002               	goto	u114
   530  002E9C                     u115:
   531  002E9C  90D8               	bcf	status,0,c
   532  002E9E  3614               	rlcf	??_display+1,f,c
   533  002EA0                     u114:
   534  002EA0  2E13               	decfsz	??_display,f,c
   535  002EA2  D7FC               	goto	u115
   536  002EA4  5080               	movf	3968,w,c	;volatile
   537  002EA6  0BF0               	andlw	240
   538  002EA8  1014               	iorwf	??_display+1,w,c
   539  002EAA  6E80               	movwf	3968,c	;volatile
   540                           
   541                           ;main.c: 50: for(unsigned int j =0;j<1000;j++);
   542  002EAC  0E00               	movlw	0
   543  002EAE  6E16               	movwf	display@j+1,c
   544  002EB0  0E00               	movlw	0
   545  002EB2  6E15               	movwf	display@j,c
   546  002EB4                     l727:
   547  002EB4  0EE8               	movlw	232
   548  002EB6  5C15               	subwf	display@j,w,c
   549  002EB8  0E03               	movlw	3
   550  002EBA  5816               	subwfb	display@j+1,w,c
   551  002EBC  B0D8               	btfsc	status,0,c
   552  002EBE  D003               	goto	l735
   553  002EC0  4A15               	infsnz	display@j,f,c
   554  002EC2  2A16               	incf	display@j+1,f,c
   555  002EC4  D7F7               	goto	l727
   556  002EC6                     l735:
   557  002EC6  4A17               	infsnz	display@i,f,c
   558  002EC8  2A18               	incf	display@i+1,f,c
   559  002ECA  D7D2               	goto	l717
   560  002ECC                     l37:
   561  002ECC  0012               	return		;funcret
   562  002ECE                     __end_of_display:
   563                           	opt stack 0
   564                           tblptru	equ	0xFF8
   565                           tblptrh	equ	0xFF7
   566                           tblptrl	equ	0xFF6
   567                           tablat	equ	0xFF5
   568                           postinc0	equ	0xFEE
   569                           wreg	equ	0xFE8
   570                           postdec1	equ	0xFE5
   571                           fsr1l	equ	0xFE1
   572                           indf2	equ	0xFDF
   573                           fsr2h	equ	0xFDA
   574                           fsr2l	equ	0xFD9
   575                           status	equ	0xFD8
   576                           
   577 ;; *************** function ___llmod *****************
   578 ;; Defined at:
   579 ;;		line 8 in file "/opt/microchip/xc8/v1.36/sources/common/llmod.c"
   580 ;; Parameters:    Size  Location     Type
   581 ;;  dividend        4    0[COMRAM] unsigned long 
   582 ;;  divisor         4    4[COMRAM] unsigned long 
   583 ;; Auto vars:     Size  Location     Type
   584 ;;  counter         1    8[COMRAM] unsigned char 
   585 ;; Return value:  Size  Location     Type
   586 ;;                  4    0[COMRAM] unsigned long 
   587 ;; Registers used:
   588 ;;		wreg, status,2, status,0
   589 ;; Tracked objects:
   590 ;;		On entry : 0/0
   591 ;;		On exit  : 0/0
   592 ;;		Unchanged: 0/0
   593 ;; Data sizes:     COMRAM   BANK0   BANK1   BANK2   BANK3   BANK4   BANK5
   594 ;;      Params:         8       0       0       0       0       0       0
   595 ;;      Locals:         1       0       0       0       0       0       0
   596 ;;      Temps:          0       0       0       0       0       0       0
   597 ;;      Totals:         9       0       0       0       0       0       0
   598 ;;Total ram usage:        9 bytes
   599 ;; Hardware stack levels used:    1
   600 ;; This function calls:
   601 ;;		Nothing
   602 ;; This function is called by:
   603 ;;		_main
   604 ;; This function uses a non-reentrant model
   605 ;;
   606                           
   607                           	psect	text3
   608  002E02                     __ptext3:
   609                           	opt stack 0
   610  002E02                     ___llmod:
   611                           	opt stack 30
   612                           
   613                           ;incstack = 0
   614  002E02  5015               	movf	___llmod@divisor,w,c
   615  002E04  1016               	iorwf	___llmod@divisor+1,w,c
   616  002E06  1017               	iorwf	___llmod@divisor+2,w,c
   617  002E08  1018               	iorwf	___llmod@divisor+3,w,c
   618  002E0A  B4D8               	btfsc	status,2,c
   619  002E0C  D024               	goto	l397
   620  002E0E  0E01               	movlw	1
   621  002E10  6E19               	movwf	___llmod@counter,c
   622  002E12  D006               	goto	l745
   623  002E14                     l743:
   624  002E14  90D8               	bcf	status,0,c
   625  002E16  3615               	rlcf	___llmod@divisor,f,c
   626  002E18  3616               	rlcf	___llmod@divisor+1,f,c
   627  002E1A  3617               	rlcf	___llmod@divisor+2,f,c
   628  002E1C  3618               	rlcf	___llmod@divisor+3,f,c
   629  002E1E  2A19               	incf	___llmod@counter,f,c
   630  002E20                     l745:
   631  002E20  AE18               	btfss	___llmod@divisor+3,7,c
   632  002E22  D7F8               	goto	l743
   633  002E24                     l747:
   634  002E24  5015               	movf	___llmod@divisor,w,c
   635  002E26  5C11               	subwf	___llmod@dividend,w,c
   636  002E28  5016               	movf	___llmod@divisor+1,w,c
   637  002E2A  5812               	subwfb	___llmod@dividend+1,w,c
   638  002E2C  5017               	movf	___llmod@divisor+2,w,c
   639  002E2E  5813               	subwfb	___llmod@dividend+2,w,c
   640  002E30  5018               	movf	___llmod@divisor+3,w,c
   641  002E32  5814               	subwfb	___llmod@dividend+3,w,c
   642  002E34  A0D8               	btfss	status,0,c
   643  002E36  D008               	goto	l751
   644  002E38  5015               	movf	___llmod@divisor,w,c
   645  002E3A  5E11               	subwf	___llmod@dividend,f,c
   646  002E3C  5016               	movf	___llmod@divisor+1,w,c
   647  002E3E  5A12               	subwfb	___llmod@dividend+1,f,c
   648  002E40  5017               	movf	___llmod@divisor+2,w,c
   649  002E42  5A13               	subwfb	___llmod@dividend+2,f,c
   650  002E44  5018               	movf	___llmod@divisor+3,w,c
   651  002E46  5A14               	subwfb	___llmod@dividend+3,f,c
   652  002E48                     l751:
   653  002E48  90D8               	bcf	status,0,c
   654  002E4A  3218               	rrcf	___llmod@divisor+3,f,c
   655  002E4C  3217               	rrcf	___llmod@divisor+2,f,c
   656  002E4E  3216               	rrcf	___llmod@divisor+1,f,c
   657  002E50  3215               	rrcf	___llmod@divisor,f,c
   658  002E52  2E19               	decfsz	___llmod@counter,f,c
   659  002E54  D7E7               	goto	l747
   660  002E56                     l397:
   661  002E56  C011  F011         	movff	___llmod@dividend,?___llmod
   662  002E5A  C012  F012         	movff	___llmod@dividend+1,?___llmod+1
   663  002E5E  C013  F013         	movff	___llmod@dividend+2,?___llmod+2
   664  002E62  C014  F014         	movff	___llmod@dividend+3,?___llmod+3
   665  002E66  0012               	return		;funcret
   666  002E68                     __end_of___llmod:
   667                           	opt stack 0
   668  0000                     tblptru	equ	0xFF8
   669                           tblptrh	equ	0xFF7
   670                           tblptrl	equ	0xFF6
   671                           tablat	equ	0xFF5
   672                           postinc0	equ	0xFEE
   673                           wreg	equ	0xFE8
   674                           postdec1	equ	0xFE5
   675                           fsr1l	equ	0xFE1
   676                           indf2	equ	0xFDF
   677                           fsr2h	equ	0xFDA
   678                           fsr2l	equ	0xFD9
   679                           status	equ	0xFD8
   680                           tblptru	equ	0xFF8
   681                           tblptrh	equ	0xFF7
   682                           tblptrl	equ	0xFF6
   683                           tablat	equ	0xFF5
   684                           postinc0	equ	0xFEE
   685                           wreg	equ	0xFE8
   686                           postdec1	equ	0xFE5
   687                           fsr1l	equ	0xFE1
   688                           indf2	equ	0xFDF
   689                           fsr2h	equ	0xFDA
   690                           fsr2l	equ	0xFD9
   691                           status	equ	0xFD8
   692                           
   693                           	psect	rparam
   694  0000                     tblptru	equ	0xFF8
   695                           tblptrh	equ	0xFF7
   696                           tblptrl	equ	0xFF6
   697                           tablat	equ	0xFF5
   698                           postinc0	equ	0xFEE
   699                           wreg	equ	0xFE8
   700                           postdec1	equ	0xFE5
   701                           fsr1l	equ	0xFE1
   702                           indf2	equ	0xFDF
   703                           fsr2h	equ	0xFDA
   704                           fsr2l	equ	0xFD9
   705                           status	equ	0xFD8


Data Sizes:
    Strings     0
    Constant    0
    Data        16
    BSS         8
    Persistent  0
    Stack       0

Auto Spaces:
    Space          Size  Autos    Used
    COMRAM           95      9      33
    BANK0           160      0       0
    BANK1           256      0       0
    BANK2           256      0       0
    BANK3           256      0       0
    BANK4           256      0       0
    BANK5           256      0       0

Pointer List with Targets:

    display@ssd	PTR unsigned char  size(2) Largest target is 4
		 -> ssd(COMRAM[4]), 


Critical Paths under _main in COMRAM

    _main->___llmod

Critical Paths under _main in BANK0

    None.

Critical Paths under _main in BANK1

    None.

Critical Paths under _main in BANK2

    None.

Critical Paths under _main in BANK3

    None.

Critical Paths under _main in BANK4

    None.

Critical Paths under _main in BANK5

    None.

Call Graph Tables:

 ---------------------------------------------------------------------------------
 (Depth) Function   	        Calls       Base Space   Used Autos Params    Refs
 ---------------------------------------------------------------------------------
 (0) _main                                                 0     0      0     893
                            ___llmod
                            _display
                        _init_config
 ---------------------------------------------------------------------------------
 (1) _init_config                                          0     0      0       0
 ---------------------------------------------------------------------------------
 (1) _display                                              8     6      2     222
                                              0 COMRAM     8     6      2
 ---------------------------------------------------------------------------------
 (1) ___llmod                                              9     1      8     671
                                              0 COMRAM     9     1      8
 ---------------------------------------------------------------------------------
 Estimated maximum stack depth 1
 ---------------------------------------------------------------------------------

 Call Graph Graphs:

 _main (ROOT)
   ___llmod
   _display
   _init_config

 Address spaces:
Name               Size   Autos  Total    Cost      Usage
BIGRAM             5FF      0       0      16        0.0%
EEDATA             100      0       0       0        0.0%
BITBANK5           100      0       0      14        0.0%
BANK5              100      0       0      15        0.0%
BITBANK4           100      0       0      12        0.0%
BANK4              100      0       0      13        0.0%
BITBANK3           100      0       0      10        0.0%
BANK3              100      0       0      11        0.0%
BITBANK2           100      0       0       8        0.0%
BANK2              100      0       0       9        0.0%
BITBANK1           100      0       0       6        0.0%
BANK1              100      0       0       7        0.0%
BITBANK0            A0      0       0       4        0.0%
BANK0               A0      0       0       5        0.0%
BITCOMRAM           5F      0       0       0        0.0%
COMRAM              5F      9      21       1       34.7%
BITSFR_3             0      0       0      40        0.0%
SFR_3                0      0       0      40        0.0%
BITSFR_2             0      0       0      40        0.0%
SFR_2                0      0       0      40        0.0%
BITSFR_1             0      0       0      40        0.0%
SFR_1                0      0       0      40        0.0%
BITSFR               0      0       0      40        0.0%
SFR                  0      0       0      40        0.0%
STACK                0      0       0       2        0.0%
NULL                 0      0       0       0        0.0%
ABS                  0      0      21       3        0.0%
DATA                 0      0      21      17        0.0%
CODE                 0      0       0       0        0.0%


Microchip Technology PIC18 Macro Assembler V1.36 build -262312587 
Symbol Table                                                                                   Mon Jun  5 07:12:53 2023

                      _i 001A                       l37 2ECC                      l721 2E80  
                    l397 2E56                      l717 2E70                      l751 2E48  
                    l743 2E14                      l735 2EC6                      l727 2EB4  
                    l745 2E20                      l747 2E24                      l763 2F0A  
                    l757 2ED2                      u114 2EA0                      u115 2E9C  
                    _ssd 001E                      wreg 000FE8                     _data 0001  
                   _main 2ECE                     _wait 000D                     fsr1l 000FE1  
                   indf2 000FDF                     fsr2l 000FD9                     start 0000  
           ___param_bank 000010                    ?_main 0011          __end_of___llmod 2E68  
           ?_init_config 0011                    _PORTA 000F80                    _PORTD 000F83  
                  _TRISA 000F92                    _TRISD 000F95          __end_of_display 2ECE  
                  tablat 000FF5                    status 000FD8          __initialization 2DD0  
           __end_of_main 3000                   ??_main 001A            __activetblptr 000000  
       ___llmod@dividend 0011                ??___llmod 0019                   clear_0 2DD6  
              ??_display 0013             __pdataCOMRAM 0001                   tblptrh 000FF7  
                 tblptrl 000FF6                   tblptru 000FF8               __accesstop 0060  
__end_of__initialization 2DFC            ___rparam_used 000001           __pcstackCOMRAM 0011  
   __size_of_init_config 0010                  __Hparam 0000                  __Lparam 0000  
                ___llmod 2E02                  __pcinit 2DD0                  __ramtop 0600  
                __ptext0 2ECE                  __ptext1 2DB0                  __ptext2 2E68  
                __ptext3 2E02                  _display 2E68     end_of_initialization 2DFC  
                postdec1 000FE5                  postinc0 000FEE               display@ssd 0011  
          __pidataCOMRAM 2DC0      start_initialization 2DD0          ___llmod@divisor 0015  
        ___llmod@counter 0019            ??_init_config 0011              __pbssCOMRAM 001A  
               ?___llmod 0011                 ?_display 0011      __end_of_init_config 2DC0  
              copy_data0 2DF0                 __Hrparam 0000                 __Lrparam 0000  
       __size_of___llmod 0066              _init_config 2DB0         __size_of_display 0066  
          __size_of_main 0132                 display@i 0017                 display@j 0015  
