Microchip MPLAB XC8 Compiler V1.36 ()

Linker command line:

--edf=/opt/microchip/xc8/v1.36/dat/en_msgs.txt -cs -h+pic18F4580.sym \
  --cmf=pic18F4580.cmf -z -Q18F4580 -o/tmp/xcX0Hfw3q -Mpic18F4580.map \
  -ver=XC8 -ASTACK=060h-05ffh -pstack=STACK -ACODE=00h-03000h \
  -ACONST=00h-03000h -ASMALLCONST=0600h-06FFhx42,03000h-03000h \
  -AMEDIUMCONST=0600h-03000h -ACOMRAM=01h-05Fh -AABS1=00h-05FFh \
  -ABIGRAM=01h-05FFh -ARAM=060h-0FFh,0100h-01FFhx5 -ABANK0=060h-0FFh \
  -ABANK1=0100h-01FFh -ABANK2=0200h-02FFh -ABANK3=0300h-03FFh \
  -ABANK4=0400h-04FFh -ABANK5=0500h-05FFh \
  -ASFR=0D00h-0DFFhx2,0F00h-0F5Fh,0F60h-0FFFh \
  -preset_vec=00h,intcode,intcodelo,powerup,init,end_init -pramtop=0600h \
  -psmallconst=SMALLCONST -pmediumconst=MEDIUMCONST -pconst=CONST \
  -AFARRAM=00h-00h -ACONFIG=0300000h-030000Dh -pconfig=CONFIG \
  -AIDLOC=0200000h-0200007h -pidloc=IDLOC -AEEDATA=0F00000h-0F000FFh \
  -peeprom_data=EEDATA \
  -prdata=COMRAM,nvrram=COMRAM,nvbit=COMRAM,rbss=COMRAM,rbit=COMRAM \
  -pfarbss=FARRAM,fardata=FARRAM,nvFARRAM=FARRAM \
  -pintsave_regs=BIGRAM,bigbss=BIGRAM,bigdata=BIGRAM -pbss=RAM \
  -pidata=CODE,irdata=CODE,ibigdata=CODE,ifardata=CODE -prparam=COMRAM \
  startup.obj pic18F4580.obj 

Object code version is 3.11

Machine type is 18F4580

Call graph: (short form)




                Name                               Link     Load   Length Selector   Space Scale
startup.obj     end_init                              0        0        4        0       0
pic18F4580.obj  text3                              2E02     2E02       66     1701       0
                text2                              2E68     2E68       66     1734       0
                text1                              2DB0     2DB0       10     16D8       0
                text0                              2ECE     2ECE      132     1767       0
                cstackCOMRAM                         11       11        9        1       1
                dataCOMRAM                            1        1       10        1       1
                bssCOMRAM                            1A       1A        8        1       1
                cinit                              2DD0     2DD0       32     16E8       0
                idataCOMRAM                        2DC0     2DC0       10     2DC0       0

TOTAL           Name                               Link     Load   Length     Space
        CLASS   STACK          

        CLASS   CODE           
                end_init                              0        0        4         0
                text3                              2E02     2E02       66         0
                text2                              2E68     2E68       66         0
                text1                              2DB0     2DB0       10         0
                text0                              2ECE     2ECE      132         0
                cinit                              2DD0     2DD0       32         0
                idataCOMRAM                        2DC0     2DC0       10         0

        CLASS   CONST          

        CLASS   SMALLCONST     

        CLASS   MEDIUMCONST    

        CLASS   COMRAM         
                cstackCOMRAM                         11       11        9         1
                dataCOMRAM                            1        1       10         1
                bssCOMRAM                            1A       1A        8         1

        CLASS   ABS1           

        CLASS   BIGRAM         

        CLASS   RAM            

        CLASS   BANK0          

        CLASS   BANK1          

        CLASS   BANK2          

        CLASS   BANK3          

        CLASS   BANK4          

        CLASS   BANK5          

        CLASS   SFR            

        CLASS   FARRAM         

        CLASS   CONFIG         

        CLASS   IDLOC          

        CLASS   EEDATA         



SEGMENTS        Name                           Load    Length   Top    Selector   Space  Class

                reset_vec                      000000  000004  000004         0       0  CODE    
                dataCOMRAM                     000001  000021  000022         1       1  COMRAM  
                text1                          002DB0  000010  002DC0      16D8       0  CODE    
                idataCOMRAM                    002DC0  000010  002DD0      2DC0       0  CODE    
                cinit                          002DD0  000032  002E02      16E8       0  CODE    
                text3                          002E02  000066  002E68      1701       0  CODE    
                text2                          002E68  000066  002ECE      1734       0  CODE    
                text0                          002ECE  000132  003000      1767       0  CODE    


UNUSED ADDRESS RANGES

        Name                Unused          Largest block    Delta
        BANK0            0060-00FF             A0
        BANK1            0100-01FF            100
        BANK2            0200-02FF            100
        BANK3            0300-03FF            100
        BANK4            0400-04FF            100
        BANK5            0500-05FF            100
        BIGRAM           0022-05FF            5DE
        CODE             0004-2DAF           2DAC
                         3000-3000              1
        COMRAM           0022-005F             3E
        CONFIG           300000-30000D              E
        CONST            0004-2DAF           2DAC
                         3000-3000              1
        EEDATA           F00000-F000FF            100
        IDLOC            200000-200007              8
        MEDIUMCONST      0600-2DAF           27B0
                         3000-3000              1
        RAM              0060-05FF            100
        SFR              0D00-0FFF            100
        SMALLCONST       0600-2DAF            100
                         3000-3000              1
        STACK            0060-05FF            5A0

                                  Symbol Table

?___llmod                cstackCOMRAM 0011
_PORTA                   (abs)        0F80
_PORTD                   (abs)        0F83
_TRISA                   (abs)        0F92
_TRISD                   (abs)        0F95
__HRAM                   (abs)        0000
__Habs1                  abs1         0000
__Hbank0                 bank0        0000
__Hbank1                 bank1        0000
__Hbank2                 bank2        0000
__Hbank3                 bank3        0000
__Hbank4                 bank4        0000
__Hbank5                 bank5        0000
__Hbigbss                bigbss       0000
__Hbigdata               bigdata      0000
__Hbigram                bigram       0000
__Hbss                   bss          0000
__HbssCOMRAM             bssCOMRAM    0000
__Hcinit                 cinit        0000
__Hclrtext               clrtext      0000
__Hcomram                comram       0000
__Hconfig                config       0000
__Hconst                 const        0000
__HcstackCOMRAM          cstackCOMRAM 0000
__Hdata                  data         0000
__HdataCOMRAM            dataCOMRAM   0000
__Heeprom_data           eeprom_data  0000
__Hend_init              end_init     0004
__Hfarbss                farbss       0000
__Hfardata               fardata      0000
__Hibigdata              ibigdata     0000
__Hidata                 idata        0000
__HidataCOMRAM           idataCOMRAM  0000
__Hidloc                 idloc        0000
__Hifardata              ifardata     0000
__Hinit                  init         0000
__Hintcode               intcode      0000
__Hintcode_body          intcode_body 0000
__Hintcodelo             intcodelo    0000
__Hintentry              intentry     0000
__Hintret                intret       0000
__Hintsave_regs          intsave_regs 0000
__Hirdata                irdata       0000
__Hmediumconst           mediumconst  0000
__HnvFARRAM              nvFARRAM     0000
__Hnvbit                 nvbit        0000
__Hnvrram                nvrram       0000
__Hparam                 rparam       0000
__Hpowerup               powerup      0000
__Hram                   ram          0000
__Hramtop                ramtop       0600
__Hrbit                  rbit         0000
__Hrbss                  rbss         0000
__Hrdata                 rdata        0000
__Hreset_vec             reset_vec    0000
__Hrparam                rparam       0000
__Hsfr                   sfr          0000
__Hsmallconst            smallconst   0000
__Hspace_0               (abs)        3000
__Hspace_1               (abs)        0022
__Hspace_2               (abs)        0000
__Hstack                 stack        0000
__Hstruct                struct       0000
__Htemp                  temp         0000
__Htext                  text         0000
__Htext0                 text0        0000
__Htext1                 text1        0000
__Htext2                 text2        0000
__Htext3                 text3        0000
__LRAM                   (abs)        0001
__Labs1                  abs1         0000
__Lbank0                 bank0        0000
__Lbank1                 bank1        0000
__Lbank2                 bank2        0000
__Lbank3                 bank3        0000
__Lbank4                 bank4        0000
__Lbank5                 bank5        0000
__Lbigbss                bigbss       0000
__Lbigdata               bigdata      0000
__Lbigram                bigram       0000
__Lbss                   bss          0000
__LbssCOMRAM             bssCOMRAM    0000
__Lcinit                 cinit        0000
__Lclrtext               clrtext      0000
__Lcomram                comram       0000
__Lconfig                config       0000
__Lconst                 const        0000
__LcstackCOMRAM          cstackCOMRAM 0000
__Ldata                  data         0000
__LdataCOMRAM            dataCOMRAM   0000
__Leeprom_data           eeprom_data  0000
__Lend_init              end_init     0000
__Lfarbss                farbss       0000
__Lfardata               fardata      0000
__Libigdata              ibigdata     0000
__Lidata                 idata        0000
__LidataCOMRAM           idataCOMRAM  0000
__Lidloc                 idloc        0000
__Lifardata              ifardata     0000
__Linit                  init         0000
__Lintcode               intcode      0000
__Lintcode_body          intcode_body 0000
__Lintcodelo             intcodelo    0000
__Lintentry              intentry     0000
__Lintret                intret       0000
__Lintsave_regs          intsave_regs 0000
__Lirdata                irdata       0000
__Lmediumconst           mediumconst  0000
__LnvFARRAM              nvFARRAM     0000
__Lnvbit                 nvbit        0000
__Lnvrram                nvrram       0000
__Lparam                 rparam       0000
__Lpowerup               powerup      0000
__Lram                   ram          0000
__Lramtop                ramtop       0600
__Lrbit                  rbit         0000
__Lrbss                  rbss         0000
__Lrdata                 rdata        0000
__Lreset_vec             reset_vec    0000
__Lrparam                rparam       0000
__Lsfr                   sfr          0000
__Lsmallconst            smallconst   0000
__Lspace_0               (abs)        0000
__Lspace_1               (abs)        0000
__Lspace_2               (abs)        0000
__Lstack                 stack        0000
__Lstruct                struct       0000
__Ltemp                  temp         0000
__Ltext                  text         0000
__Ltext0                 text0        0000
__Ltext1                 text1        0000
__Ltext2                 text2        0000
__Ltext3                 text3        0000
__S0                     (abs)        3000
__S1                     (abs)        0022
__S2                     (abs)        0000
___inthi_sp              stack        0000
___intlo_sp              stack        0000
___llmod                 text3        2E02
___llmod@counter         cstackCOMRAM 0019
___llmod@dividend        cstackCOMRAM 0011
___llmod@divisor         cstackCOMRAM 0015
___param_bank            (abs)        0010
___rparam_used           (abs)        0001
___sp                    stack        0000
__accesstop              (abs)        0060
__activetblptr           (abs)        0000
__end_of___llmod         text3        2E68
__end_of__initialization cinit        2DFC
__end_of_display         text2        2ECE
__end_of_init_config     text1        2DC0
__end_of_main            text0        3000
__initialization         cinit        2DD0
__mediumconst            mediumconst  0000
__pbssCOMRAM             bssCOMRAM    001A
__pcinit                 cinit        2DD0
__pcstackCOMRAM          cstackCOMRAM 0011
__pdataCOMRAM            dataCOMRAM   0001
__pidataCOMRAM           idataCOMRAM  2DC0
__ptext0                 text0        2ECE
__ptext1                 text1        2DB0
__ptext2                 text2        2E68
__ptext3                 text3        2E02
__ramtop                 ramtop       0600
__size_of___llmod        (abs)        0000
__size_of_display        (abs)        0000
__size_of_init_config    (abs)        0000
__size_of_main           (abs)        0000
__smallconst             smallconst   0000
_data                    dataCOMRAM   0001
_display                 text2        2E68
_i                       bssCOMRAM    001A
_init_config             text1        2DB0
_main                    text0        2ECE
_ssd                     bssCOMRAM    001E
_wait                    dataCOMRAM   000D
display@i                cstackCOMRAM 0017
display@j                cstackCOMRAM 0015
display@ssd              cstackCOMRAM 0011
end_of_initialization    cinit        2DFC
intlevel0                text         0000
intlevel1                text         0000
intlevel2                text         0000
intlevel3                text         0000
stackhi                  (abs)        05FF
stacklo                  (abs)        0060
start                    init         0000
start_initialization     cinit        2DD0


FUNCTION INFORMATION:

 *************** function _main *****************
 Defined at:
		line 14 in file "main.c"
 Parameters:    Size  Location     Type
		None
 Auto vars:     Size  Location     Type
		None
 Return value:  Size  Location     Type
                  1    wreg      void 
 Registers used:
		wreg, fsr2l, fsr2h, status,2, status,0, cstack
 Tracked objects:
		On entry : 
		On exit  : 
		Unchanged: 
 Data sizes:     COMRAM   BANK0   BANK1   BANK2   BANK3   BANK4   BANK5
      Params:         0       0       0       0       0       0       0
      Locals:         0       0       0       0       0       0       0
      Temps:          0       0       0       0       0       0       0
      Totals:         0       0       0       0       0       0       0
Total ram usage:        0 bytes
 Hardware stack levels required when called:    1
 This function calls:
		___llmod
		_display
		_init_config
 This function is called by:
		Startup code after reset
 This function uses a non-reentrant model


 *************** function _init_config *****************
 Defined at:
		line 37 in file "main.c"
 Parameters:    Size  Location     Type
		None
 Auto vars:     Size  Location     Type
		None
 Return value:  Size  Location     Type
                  1    wreg      void 
 Registers used:
		wreg, status,2, status,0
 Tracked objects:
		On entry : 
		On exit  : 
		Unchanged: 
 Data sizes:     COMRAM   BANK0   BANK1   BANK2   BANK3   BANK4   BANK5
      Params:         0       0       0       0       0       0       0
      Locals:         0       0       0       0       0       0       0
      Temps:          0       0       0       0       0       0       0
      Totals:         0       0       0       0       0       0       0
Total ram usage:        0 bytes
 Hardware stack levels used:    1
 This function calls:
		Nothing
 This function is called by:
		_main
 This function uses a non-reentrant model


 *************** function _display *****************
 Defined at:
		line 44 in file "main.c"
 Parameters:    Size  Location     Type
  ssd             2    0[COMRAM] PTR unsigned char 
		 -> ssd(4), 
 Auto vars:     Size  Location     Type
  j               2    4[COMRAM] unsigned int 
  i               2    6[COMRAM] int 
 Return value:  Size  Location     Type
                  1    wreg      void 
 Registers used:
		wreg, fsr2l, fsr2h, status,2, status,0
 Tracked objects:
		On entry : 
		On exit  : 
		Unchanged: 
 Data sizes:     COMRAM   BANK0   BANK1   BANK2   BANK3   BANK4   BANK5
      Params:         2       0       0       0       0       0       0
      Locals:         4       0       0       0       0       0       0
      Temps:          2       0       0       0       0       0       0
      Totals:         8       0       0       0       0       0       0
Total ram usage:        8 bytes
 Hardware stack levels used:    1
 This function calls:
		Nothing
 This function is called by:
		_main
 This function uses a non-reentrant model


 *************** function ___llmod *****************
 Defined at:
		line 8 in file "/opt/microchip/xc8/v1.36/sources/common/llmod.c"
 Parameters:    Size  Location     Type
  dividend        4    0[COMRAM] unsigned long 
  divisor         4    4[COMRAM] unsigned long 
 Auto vars:     Size  Location     Type
  counter         1    8[COMRAM] unsigned char 
 Return value:  Size  Location     Type
                  4    0[COMRAM] unsigned long 
 Registers used:
		wreg, status,2, status,0
 Tracked objects:
		On entry : 
		On exit  : 
		Unchanged: 
 Data sizes:     COMRAM   BANK0   BANK1   BANK2   BANK3   BANK4   BANK5
      Params:         8       0       0       0       0       0       0
      Locals:         1       0       0       0       0       0       0
      Temps:          0       0       0       0       0       0       0
      Totals:         9       0       0       0       0       0       0
Total ram usage:        9 bytes
 Hardware stack levels used:    1
 This function calls:
		Nothing
 This function is called by:
		_main
 This function uses a non-reentrant model



MODULE INFORMATION

Module		Function		Class		Link	Load	Size
shared
		__initialization		CODE           	2DD0	0000	45

shared estimated size: 45

main.c
		_display       		CODE           	2E68	0000	103
		_main          		CODE           	2ECE	0000	307
		_init_config   		CODE           	2DB0	0000	17

main.c estimated size: 427

/opt/microchip/xc8/v1.36/sources/common/llmod.c
		___llmod       		CODE           	2E02	0000	103

/opt/microchip/xc8/v1.36/sources/common/llmod.c estimated size: 103

