Microchip MPLAB XC8 Compiler V1.36 ()

Linker command line:

--edf=/opt/microchip/xc8/v1.36/dat/en_msgs.txt -cs -h+pic18F4580.sym \
  --cmf=pic18F4580.cmf -z -Q18F4580 -o/tmp/xcXAtwm3v -Mpic18F4580.map \
  -ver=XC8 -ASTACK=060h-05ffh -pstack=STACK -ACODE=00h-03000h \
  -ACONST=00h-03000h -ASMALLCONST=0600h-06FFhx42,03000h-03000h \
  -AMEDIUMCONST=0600h-03000h -ACOMRAM=01h-05Fh -AABS1=00h-05FFh \
  -ABIGRAM=01h-05FFh -ARAM=060h-0FFh,0100h-01FFhx5 -ABANK0=060h-0FFh \
  -ABANK1=0100h-01FFh -ABANK2=0200h-02FFh -ABANK3=0300h-03FFh \
  -ABANK4=0400h-04FFh -ABANK5=0500h-05FFh \
  -ASFR=0D00h-0DFFhx2,0F00h-0F5Fh,0F60h-0FFFh \
  -preset_vec=00h,intcode,intcodelo,powerup,init,end_init -pramtop=0600h \
  -psmallconst=SMALLCONST -pmediumconst=MEDIUMCONST -pconst=CONST \
  -AFARRAM=00h-00h -ACONFIG=0300000h-030000Dh -pconfig=CONFIG \
  -AIDLOC=0200000h-0200007h -pidloc=IDLOC -AEEDATA=0F00000h-0F000FFh \
  -peeprom_data=EEDATA \
  -prdata=COMRAM,nvrram=COMRAM,nvbit=COMRAM,rbss=COMRAM,rbit=COMRAM \
  -pfarbss=FARRAM,fardata=FARRAM,nvFARRAM=FARRAM \
  -pintsave_regs=BIGRAM,bigbss=BIGRAM,bigdata=BIGRAM -pbss=RAM \
  -pidata=CODE,irdata=CODE,ibigdata=CODE,ifardata=CODE -prparam=COMRAM \
  startup.obj pic18F4580.obj 

Object code version is 3.11

Machine type is 18F4580

Call graph: (short form)




                Name                               Link     Load   Length Selector   Space Scale
startup.obj     end_init                              0        0        4        0       0
pic18F4580.obj  text6                              2DCA     2DCA       10     16E5       0
                text5                              2F8A     2F8A       76     17C5       0
                text4                              2E70     2E70       5E     1738       0
                text3                              2ECE     2ECE       5E     1767       0
                text2                              2F2C     2F2C       5E     1796       0
                text1                              2DF2     2DF2       36     16F9       0
                text0                              2E28     2E28       48     1714       0
                cstackCOMRAM                          1        1        A        1       1
                dataCOMRAM                            B        B        1        1       1
                cinit                              2DDA     2DDA       18     16ED       0
                idataCOMRAM                        3000     3000        1     17C5       0

TOTAL           Name                               Link     Load   Length     Space
        CLASS   STACK          

        CLASS   CODE           
                end_init                              0        0        4         0
                text6                              2DCA     2DCA       10         0
                text5                              2F8A     2F8A       76         0
                text4                              2E70     2E70       5E         0
                text3                              2ECE     2ECE       5E         0
                text2                              2F2C     2F2C       5E         0
                text1                              2DF2     2DF2       36         0
                text0                              2E28     2E28       48         0
                cinit                              2DDA     2DDA       18         0
                idataCOMRAM                        3000     3000        1         0

        CLASS   CONST          

        CLASS   SMALLCONST     

        CLASS   MEDIUMCONST    

        CLASS   COMRAM         
                cstackCOMRAM                          1        1        A         1
                dataCOMRAM                            B        B        1         1

        CLASS   ABS1           

        CLASS   BIGRAM         

        CLASS   RAM            

        CLASS   BANK0          

        CLASS   BANK1          

        CLASS   BANK2          

        CLASS   BANK3          

        CLASS   BANK4          

        CLASS   BANK5          

        CLASS   SFR            

        CLASS   FARRAM         

        CLASS   CONFIG         

        CLASS   IDLOC          

        CLASS   EEDATA         



SEGMENTS        Name                           Load    Length   Top    Selector   Space  Class

                reset_vec                      000000  000004  000004         0       0  CODE    
                cstackCOMRAM                   000001  00000B  00000C         1       1  COMRAM  
                text6                          002DCA  000010  002DDA      16E5       0  CODE    
                cinit                          002DDA  000018  002DF2      16ED       0  CODE    
                text1                          002DF2  000036  002E28      16F9       0  CODE    
                text0                          002E28  000048  002E70      1714       0  CODE    
                text4                          002E70  00005E  002ECE      1738       0  CODE    
                text3                          002ECE  00005E  002F2C      1767       0  CODE    
                text2                          002F2C  00005E  002F8A      1796       0  CODE    
                text5                          002F8A  000077  003001      17C5       0  CODE    


UNUSED ADDRESS RANGES

        Name                Unused          Largest block    Delta
        BANK0            0060-00FF             A0
        BANK1            0100-01FF            100
        BANK2            0200-02FF            100
        BANK3            0300-03FF            100
        BANK4            0400-04FF            100
        BANK5            0500-05FF            100
        BIGRAM           000C-05FF            5F4
        CODE             0004-2DC9           2DC6
        COMRAM           000C-005F             54
        CONFIG           300000-30000D              E
        CONST            0004-2DC9           2DC6
        EEDATA           F00000-F000FF            100
        IDLOC            200000-200007              8
        MEDIUMCONST      0600-2DC9           27CA
        RAM              0060-05FF            100
        SFR              0D00-0FFF            100
        SMALLCONST       0600-2DC9            100
        STACK            0060-05FF            5A0

                                  Symbol Table

_PORTB                        (abs)        0F81
_PORTC                        (abs)        0F82
_TRISB                        (abs)        0F93
_TRISC                        (abs)        0F94
__HRAM                        (abs)        0000
__Habs1                       abs1         0000
__Hbank0                      bank0        0000
__Hbank1                      bank1        0000
__Hbank2                      bank2        0000
__Hbank3                      bank3        0000
__Hbank4                      bank4        0000
__Hbank5                      bank5        0000
__Hbigbss                     bigbss       0000
__Hbigdata                    bigdata      0000
__Hbigram                     bigram       0000
__Hbss                        bss          0000
__Hcinit                      cinit        0000
__Hclrtext                    clrtext      0000
__Hcomram                     comram       0000
__Hconfig                     config       0000
__Hconst                      const        0000
__HcstackCOMRAM               cstackCOMRAM 0000
__Hdata                       data         0000
__HdataCOMRAM                 dataCOMRAM   0000
__Heeprom_data                eeprom_data  0000
__Hend_init                   end_init     0004
__Hfarbss                     farbss       0000
__Hfardata                    fardata      0000
__Hibigdata                   ibigdata     0000
__Hidata                      idata        0000
__HidataCOMRAM                idataCOMRAM  0000
__Hidloc                      idloc        0000
__Hifardata                   ifardata     0000
__Hinit                       init         0000
__Hintcode                    intcode      0000
__Hintcode_body               intcode_body 0000
__Hintcodelo                  intcodelo    0000
__Hintentry                   intentry     0000
__Hintret                     intret       0000
__Hintsave_regs               intsave_regs 0000
__Hirdata                     irdata       0000
__Hmediumconst                mediumconst  0000
__HnvFARRAM                   nvFARRAM     0000
__Hnvbit                      nvbit        0000
__Hnvrram                     nvrram       0000
__Hparam                      rparam       0000
__Hpowerup                    powerup      0000
__Hram                        ram          0000
__Hramtop                     ramtop       0600
__Hrbit                       rbit         0000
__Hrbss                       rbss         0000
__Hrdata                      rdata        0000
__Hreset_vec                  reset_vec    0000
__Hrparam                     rparam       0000
__Hsfr                        sfr          0000
__Hsmallconst                 smallconst   0000
__Hspace_0                    (abs)        3001
__Hspace_1                    (abs)        000C
__Hspace_2                    (abs)        0000
__Hstack                      stack        0000
__Hstruct                     struct       0000
__Htemp                       temp         0000
__Htext                       text         0000
__Htext0                      text0        0000
__Htext1                      text1        0000
__Htext2                      text2        0000
__Htext3                      text3        0000
__Htext4                      text4        0000
__Htext5                      text5        0000
__Htext6                      text6        0000
__LRAM                        (abs)        0001
__Labs1                       abs1         0000
__Lbank0                      bank0        0000
__Lbank1                      bank1        0000
__Lbank2                      bank2        0000
__Lbank3                      bank3        0000
__Lbank4                      bank4        0000
__Lbank5                      bank5        0000
__Lbigbss                     bigbss       0000
__Lbigdata                    bigdata      0000
__Lbigram                     bigram       0000
__Lbss                        bss          0000
__Lcinit                      cinit        0000
__Lclrtext                    clrtext      0000
__Lcomram                     comram       0000
__Lconfig                     config       0000
__Lconst                      const        0000
__LcstackCOMRAM               cstackCOMRAM 0000
__Ldata                       data         0000
__LdataCOMRAM                 dataCOMRAM   0000
__Leeprom_data                eeprom_data  0000
__Lend_init                   end_init     0000
__Lfarbss                     farbss       0000
__Lfardata                    fardata      0000
__Libigdata                   ibigdata     0000
__Lidata                      idata        0000
__LidataCOMRAM                idataCOMRAM  0000
__Lidloc                      idloc        0000
__Lifardata                   ifardata     0000
__Linit                       init         0000
__Lintcode                    intcode      0000
__Lintcode_body               intcode_body 0000
__Lintcodelo                  intcodelo    0000
__Lintentry                   intentry     0000
__Lintret                     intret       0000
__Lintsave_regs               intsave_regs 0000
__Lirdata                     irdata       0000
__Lmediumconst                mediumconst  0000
__LnvFARRAM                   nvFARRAM     0000
__Lnvbit                      nvbit        0000
__Lnvrram                     nvrram       0000
__Lparam                      rparam       0000
__Lpowerup                    powerup      0000
__Lram                        ram          0000
__Lramtop                     ramtop       0600
__Lrbit                       rbit         0000
__Lrbss                       rbss         0000
__Lrdata                      rdata        0000
__Lreset_vec                  reset_vec    0000
__Lrparam                     rparam       0000
__Lsfr                        sfr          0000
__Lsmallconst                 smallconst   0000
__Lspace_0                    (abs)        0000
__Lspace_1                    (abs)        0000
__Lspace_2                    (abs)        0000
__Lstack                      stack        0000
__Lstruct                     struct       0000
__Ltemp                       temp         0000
__Ltext                       text         0000
__Ltext0                      text0        0000
__Ltext1                      text1        0000
__Ltext2                      text2        0000
__Ltext3                      text3        0000
__Ltext4                      text4        0000
__Ltext5                      text5        0000
__Ltext6                      text6        0000
__S0                          (abs)        3001
__S1                          (abs)        000C
__S2                          (abs)        0000
___inthi_sp                   stack        0000
___intlo_sp                   stack        0000
___param_bank                 (abs)        0010
___rparam_used                (abs)        0001
___sp                         stack        0000
__accesstop                   (abs)        0060
__activetblptr                (abs)        0000
__end_of__initialization      cinit        2DEC
__end_of_init_config          text6        2DDA
__end_of_main                 text0        2E70
__end_of_patteren1            text5        3000
__end_of_patteren2            text4        2ECE
__end_of_patteren3            text3        2F2C
__end_of_patteren4            text2        2F8A
__end_of_read_digital_keypad  text1        2E28
__initialization              cinit        2DDA
__mediumconst                 mediumconst  0000
__pcinit                      cinit        2DDA
__pcstackCOMRAM               cstackCOMRAM 0001
__pdataCOMRAM                 dataCOMRAM   000B
__pidataCOMRAM                idataCOMRAM  3000
__ptext0                      text0        2E28
__ptext1                      text1        2DF2
__ptext2                      text2        2F2C
__ptext3                      text3        2ECE
__ptext4                      text4        2E70
__ptext5                      text5        2F8A
__ptext6                      text6        2DCA
__ramtop                      ramtop       0600
__size_of_init_config         (abs)        0000
__size_of_main                (abs)        0000
__size_of_patteren1           (abs)        0000
__size_of_patteren2           (abs)        0000
__size_of_patteren3           (abs)        0000
__size_of_patteren4           (abs)        0000
__size_of_read_digital_keypad (abs)        0000
__smallconst                  smallconst   0000
_init_config                  text6        2DCA
_main                         text0        2E28
_patteren1                    text5        2F8A
_patteren2                    text4        2E70
_patteren3                    text3        2ECE
_patteren4                    text2        2F2C
_read_digital_keypad          text1        2DF2
end_of_initialization         cinit        2DEC
intlevel0                     text         0000
intlevel1                     text         0000
intlevel2                     text         0000
intlevel3                     text         0000
main@key                      cstackCOMRAM 000A
patteren1@count               cstackCOMRAM 0005
patteren1@delay               cstackCOMRAM 0001
patteren2@count               cstackCOMRAM 0005
patteren2@delay               cstackCOMRAM 0001
patteren3@delay               cstackCOMRAM 0005
patteren3@flag                cstackCOMRAM 0009
patteren4@delay               cstackCOMRAM 0005
patteren4@flag                cstackCOMRAM 0009
read_digital_keypad@detection cstackCOMRAM 0002
read_digital_keypad@once      dataCOMRAM   000B
stackhi                       (abs)        05FF
stacklo                       (abs)        0060
start                         init         0000
start_initialization          cinit        2DDA


FUNCTION INFORMATION:

 *************** function _main *****************
 Defined at:
		line 23 in file "main.c"
 Parameters:    Size  Location     Type
		None
 Auto vars:     Size  Location     Type
  key             1    9[COMRAM] unsigned char 
 Return value:  Size  Location     Type
                  1    wreg      void 
 Registers used:
		wreg, status,2, status,0, cstack
 Tracked objects:
		On entry : 
		On exit  : 
		Unchanged: 
 Data sizes:     COMRAM   BANK0   BANK1   BANK2   BANK3   BANK4   BANK5
      Params:         0       0       0       0       0       0       0
      Locals:         1       0       0       0       0       0       0
      Temps:          0       0       0       0       0       0       0
      Totals:         1       0       0       0       0       0       0
Total ram usage:        1 bytes
 Hardware stack levels required when called:    1
 This function calls:
		_init_config
		_patteren1
		_patteren2
		_patteren3
		_patteren4
		_read_digital_keypad
 This function is called by:
		Startup code after reset
 This function uses a non-reentrant model


 *************** function _read_digital_keypad *****************
 Defined at:
		line 66 in file "main.c"
 Parameters:    Size  Location     Type
  detection       1    wreg     unsigned char 
 Auto vars:     Size  Location     Type
  detection       1    1[COMRAM] unsigned char 
 Return value:  Size  Location     Type
                  1    wreg      unsigned char 
 Registers used:
		wreg, status,2, status,0
 Tracked objects:
		On entry : 
		On exit  : 
		Unchanged: 
 Data sizes:     COMRAM   BANK0   BANK1   BANK2   BANK3   BANK4   BANK5
      Params:         0       0       0       0       0       0       0
      Locals:         1       0       0       0       0       0       0
      Temps:          1       0       0       0       0       0       0
      Totals:         2       0       0       0       0       0       0
Total ram usage:        2 bytes
 Hardware stack levels used:    1
 This function calls:
		Nothing
 This function is called by:
		_main
 This function uses a non-reentrant model


 *************** function _patteren4 *****************
 Defined at:
		line 180 in file "main.c"
 Parameters:    Size  Location     Type
		None
 Auto vars:     Size  Location     Type
  delay           4    4[COMRAM] unsigned long 
  flag            1    8[COMRAM] unsigned char 
 Return value:  Size  Location     Type
                  1    wreg      void 
 Registers used:
		wreg, status,2, status,0
 Tracked objects:
		On entry : 
		On exit  : 
		Unchanged: 
 Data sizes:     COMRAM   BANK0   BANK1   BANK2   BANK3   BANK4   BANK5
      Params:         0       0       0       0       0       0       0
      Locals:         5       0       0       0       0       0       0
      Temps:          4       0       0       0       0       0       0
      Totals:         9       0       0       0       0       0       0
Total ram usage:        9 bytes
 Hardware stack levels used:    1
 This function calls:
		Nothing
 This function is called by:
		_main
 This function uses a non-reentrant model


 *************** function _patteren3 *****************
 Defined at:
		line 154 in file "main.c"
 Parameters:    Size  Location     Type
		None
 Auto vars:     Size  Location     Type
  delay           4    4[COMRAM] unsigned long 
  flag            1    8[COMRAM] unsigned char 
 Return value:  Size  Location     Type
                  1    wreg      void 
 Registers used:
		wreg, status,2, status,0
 Tracked objects:
		On entry : 
		On exit  : 
		Unchanged: 
 Data sizes:     COMRAM   BANK0   BANK1   BANK2   BANK3   BANK4   BANK5
      Params:         0       0       0       0       0       0       0
      Locals:         5       0       0       0       0       0       0
      Temps:          4       0       0       0       0       0       0
      Totals:         9       0       0       0       0       0       0
Total ram usage:        9 bytes
 Hardware stack levels used:    1
 This function calls:
		Nothing
 This function is called by:
		_main
 This function uses a non-reentrant model


 *************** function _patteren2 *****************
 Defined at:
		line 128 in file "main.c"
 Parameters:    Size  Location     Type
		None
 Auto vars:     Size  Location     Type
  delay           4    0[COMRAM] unsigned long 
  count           1    4[COMRAM] unsigned char 
 Return value:  Size  Location     Type
                  1    wreg      void 
 Registers used:
		wreg, status,2, status,0
 Tracked objects:
		On entry : 
		On exit  : 
		Unchanged: 
 Data sizes:     COMRAM   BANK0   BANK1   BANK2   BANK3   BANK4   BANK5
      Params:         0       0       0       0       0       0       0
      Locals:         5       0       0       0       0       0       0
      Temps:          0       0       0       0       0       0       0
      Totals:         5       0       0       0       0       0       0
Total ram usage:        5 bytes
 Hardware stack levels used:    1
 This function calls:
		Nothing
 This function is called by:
		_main
 This function uses a non-reentrant model


 *************** function _patteren1 *****************
 Defined at:
		line 90 in file "main.c"
 Parameters:    Size  Location     Type
		None
 Auto vars:     Size  Location     Type
  delay           4    0[COMRAM] unsigned long 
  count           1    4[COMRAM] unsigned char 
 Return value:  Size  Location     Type
                  1    wreg      void 
 Registers used:
		wreg, status,2, status,0
 Tracked objects:
		On entry : 
		On exit  : 
		Unchanged: 
 Data sizes:     COMRAM   BANK0   BANK1   BANK2   BANK3   BANK4   BANK5
      Params:         0       0       0       0       0       0       0
      Locals:         5       0       0       0       0       0       0
      Temps:          0       0       0       0       0       0       0
      Totals:         5       0       0       0       0       0       0
Total ram usage:        5 bytes
 Hardware stack levels used:    1
 This function calls:
		Nothing
 This function is called by:
		_main
 This function uses a non-reentrant model


 *************** function _init_config *****************
 Defined at:
		line 57 in file "main.c"
 Parameters:    Size  Location     Type
		None
 Auto vars:     Size  Location     Type
		None
 Return value:  Size  Location     Type
                  1    wreg      void 
 Registers used:
		wreg, status,2, status,0
 Tracked objects:
		On entry : 
		On exit  : 
		Unchanged: 
 Data sizes:     COMRAM   BANK0   BANK1   BANK2   BANK3   BANK4   BANK5
      Params:         0       0       0       0       0       0       0
      Locals:         0       0       0       0       0       0       0
      Temps:          0       0       0       0       0       0       0
      Totals:         0       0       0       0       0       0       0
Total ram usage:        0 bytes
 Hardware stack levels used:    1
 This function calls:
		Nothing
 This function is called by:
		_main
 This function uses a non-reentrant model



MODULE INFORMATION

Module		Function		Class		Link	Load	Size
shared
		__initialization		CODE           	2DDA	0000	19

shared estimated size: 19

main.c
		_main          		CODE           	2E28	0000	73
		_patteren1     		CODE           	2F8A	0000	119
		_patteren2     		CODE           	2E70	0000	95
		_patteren3     		CODE           	2ECE	0000	95
		_patteren4     		CODE           	2F2C	0000	95
		_init_config   		CODE           	2DCA	0000	17
		_read_digital_keypad		CODE           	2DF2	0000	55

main.c estimated size: 549

